../Drivers/BSP/Src/lcd.c:46:6:lcd_wr_data	16	static
../Drivers/BSP/Src/lcd.c:57:6:lcd_wr_regno	16	static
../Drivers/BSP/Src/lcd.c:69:6:lcd_write_reg	16	static
../Drivers/BSP/Src/lcd.c:80:17:lcd_rd_data	16	static
../Drivers/BSP/Src/lcd.c:92:13:lcd_opt_delay	16	static
../Drivers/BSP/Src/lcd.c:102:6:lcd_write_ram_prepare	4	static
../Drivers/BSP/Src/lcd.c:112:10:lcd_read_point	24	static
../Drivers/BSP/Src/lcd.c:155:6:lcd_display_on	8	static
../Drivers/BSP/Src/lcd.c:172:6:lcd_display_off	8	static
../Drivers/BSP/Src/lcd.c:189:6:lcd_set_cursor	16	static
../Drivers/BSP/Src/lcd.c:250:6:lcd_scan_dir	24	static
../Drivers/BSP/Src/lcd.c:410:6:lcd_draw_point	16	static
../Drivers/BSP/Src/lcd.c:422:6:lcd_ssd_backlight_set	16	static
../Drivers/BSP/Src/lcd.c:438:6:lcd_display_dir	16	static
../Drivers/BSP/Src/lcd.c:522:6:lcd_set_window	32	static
../Drivers/BSP/Src/lcd.c:587:6:lcd_init	40	static
../Drivers/BSP/Src/lcd.c:709:6:lcd_clear	24	static
../Drivers/BSP/Src/lcd.c:730:6:lcd_fill	32	static
../Drivers/BSP/Src/lcd.c:754:6:lcd_color_fill	32	static
../Drivers/BSP/Src/lcd.c:781:6:lcd_draw_line	64	static
../Drivers/BSP/Src/lcd.c:855:6:lcd_draw_hline	32	static
../Drivers/BSP/Src/lcd.c:872:6:lcd_draw_rectangle	32	static
../Drivers/BSP/Src/lcd.c:887:6:lcd_draw_circle	40	static
../Drivers/BSP/Src/lcd.c:928:6:lcd_fill_circle	40	static
../Drivers/BSP/Src/lcd.c:965:6:lcd_show_char	40	static
../Drivers/BSP/Src/lcd.c:1039:17:lcd_pow	24	static
../Drivers/BSP/Src/lcd.c:1059:6:lcd_show_num	48	static
../Drivers/BSP/Src/lcd.c:1098:6:lcd_show_xnum	48	static
../Drivers/BSP/Src/lcd.c:1141:6:lcd_show_string	40	static
../Drivers/BSP/Src/lcd.c:1175:6:lcd_show_str	48	static
../Drivers/BSP/Src/lcd.c:1234:6:lcd_ex_st7789_reginit	8	static
../Drivers/BSP/Src/lcd.c:1332:6:lcd_ex_ili9341_reginit	8	static
../Drivers/BSP/Src/lcd.c:1434:6:lcd_ex_nt35310_reginit	8	static
../Drivers/BSP/Src/lcd.c:2120:6:lcd_ex_nt35510_reginit	8	static
../Drivers/BSP/Src/lcd.c:2539:6:lcd_ex_ssd1963_reginit	8	static
