Archive member included to satisfy reference by file (symbol)

c:/program files/stmicroelectronics/stm32cube/stm32cubeide_1.10.1/stm32cubeide/plugins/com.st.stm32cube.ide.mcu.externaltools.gnu-tools-for-stm32.10.3-2021.10.win32_1.0.0.202111181127/tools/bin/../lib/gcc/arm-none-eabi/10.3.1/../../../../arm-none-eabi/lib/thumb/v7e-m+fp/hard\libc_nano.a(lib_a-errno.o)
                              ./Core/Src/syscalls.o (__errno)
c:/program files/stmicroelectronics/stm32cube/stm32cubeide_1.10.1/stm32cubeide/plugins/com.st.stm32cube.ide.mcu.externaltools.gnu-tools-for-stm32.10.3-2021.10.win32_1.0.0.202111181127/tools/bin/../lib/gcc/arm-none-eabi/10.3.1/../../../../arm-none-eabi/lib/thumb/v7e-m+fp/hard\libc_nano.a(lib_a-exit.o)
                              c:/program files/stmicroelectronics/stm32cube/stm32cubeide_1.10.1/stm32cubeide/plugins/com.st.stm32cube.ide.mcu.externaltools.gnu-tools-for-stm32.10.3-2021.10.win32_1.0.0.202111181127/tools/bin/../lib/gcc/arm-none-eabi/10.3.1/../../../../arm-none-eabi/lib/thumb/v7e-m+fp/hard/crt0.o (exit)
c:/program files/stmicroelectronics/stm32cube/stm32cubeide_1.10.1/stm32cubeide/plugins/com.st.stm32cube.ide.mcu.externaltools.gnu-tools-for-stm32.10.3-2021.10.win32_1.0.0.202111181127/tools/bin/../lib/gcc/arm-none-eabi/10.3.1/../../../../arm-none-eabi/lib/thumb/v7e-m+fp/hard\libc_nano.a(lib_a-impure.o)
                              c:/program files/stmicroelectronics/stm32cube/stm32cubeide_1.10.1/stm32cubeide/plugins/com.st.stm32cube.ide.mcu.externaltools.gnu-tools-for-stm32.10.3-2021.10.win32_1.0.0.202111181127/tools/bin/../lib/gcc/arm-none-eabi/10.3.1/../../../../arm-none-eabi/lib/thumb/v7e-m+fp/hard\libc_nano.a(lib_a-exit.o) (_global_impure_ptr)
c:/program files/stmicroelectronics/stm32cube/stm32cubeide_1.10.1/stm32cubeide/plugins/com.st.stm32cube.ide.mcu.externaltools.gnu-tools-for-stm32.10.3-2021.10.win32_1.0.0.202111181127/tools/bin/../lib/gcc/arm-none-eabi/10.3.1/../../../../arm-none-eabi/lib/thumb/v7e-m+fp/hard\libc_nano.a(lib_a-init.o)
                              c:/program files/stmicroelectronics/stm32cube/stm32cubeide_1.10.1/stm32cubeide/plugins/com.st.stm32cube.ide.mcu.externaltools.gnu-tools-for-stm32.10.3-2021.10.win32_1.0.0.202111181127/tools/bin/../lib/gcc/arm-none-eabi/10.3.1/../../../../arm-none-eabi/lib/thumb/v7e-m+fp/hard/crt0.o (__libc_init_array)
c:/program files/stmicroelectronics/stm32cube/stm32cubeide_1.10.1/stm32cubeide/plugins/com.st.stm32cube.ide.mcu.externaltools.gnu-tools-for-stm32.10.3-2021.10.win32_1.0.0.202111181127/tools/bin/../lib/gcc/arm-none-eabi/10.3.1/../../../../arm-none-eabi/lib/thumb/v7e-m+fp/hard\libc_nano.a(lib_a-memset.o)
                              c:/program files/stmicroelectronics/stm32cube/stm32cubeide_1.10.1/stm32cubeide/plugins/com.st.stm32cube.ide.mcu.externaltools.gnu-tools-for-stm32.10.3-2021.10.win32_1.0.0.202111181127/tools/bin/../lib/gcc/arm-none-eabi/10.3.1/../../../../arm-none-eabi/lib/thumb/v7e-m+fp/hard/crt0.o (memset)
c:/program files/stmicroelectronics/stm32cube/stm32cubeide_1.10.1/stm32cubeide/plugins/com.st.stm32cube.ide.mcu.externaltools.gnu-tools-for-stm32.10.3-2021.10.win32_1.0.0.202111181127/tools/bin/../lib/gcc/arm-none-eabi/10.3.1/../../../../arm-none-eabi/lib/thumb/v7e-m+fp/hard\libc_nano.a(lib_a-nano-vfprintf_float.o)
                              (_printf_float)
c:/program files/stmicroelectronics/stm32cube/stm32cubeide_1.10.1/stm32cubeide/plugins/com.st.stm32cube.ide.mcu.externaltools.gnu-tools-for-stm32.10.3-2021.10.win32_1.0.0.202111181127/tools/bin/../lib/gcc/arm-none-eabi/10.3.1/../../../../arm-none-eabi/lib/thumb/v7e-m+fp/hard\libc_nano.a(lib_a-nano-vfprintf_i.o)
                              c:/program files/stmicroelectronics/stm32cube/stm32cubeide_1.10.1/stm32cubeide/plugins/com.st.stm32cube.ide.mcu.externaltools.gnu-tools-for-stm32.10.3-2021.10.win32_1.0.0.202111181127/tools/bin/../lib/gcc/arm-none-eabi/10.3.1/../../../../arm-none-eabi/lib/thumb/v7e-m+fp/hard\libc_nano.a(lib_a-nano-vfprintf_float.o) (_printf_common)
c:/program files/stmicroelectronics/stm32cube/stm32cubeide_1.10.1/stm32cubeide/plugins/com.st.stm32cube.ide.mcu.externaltools.gnu-tools-for-stm32.10.3-2021.10.win32_1.0.0.202111181127/tools/bin/../lib/gcc/arm-none-eabi/10.3.1/../../../../arm-none-eabi/lib/thumb/v7e-m+fp/hard\libc_nano.a(lib_a-sprintf.o)
                              ./Core/Src/spi.o (sprintf)
c:/program files/stmicroelectronics/stm32cube/stm32cubeide_1.10.1/stm32cubeide/plugins/com.st.stm32cube.ide.mcu.externaltools.gnu-tools-for-stm32.10.3-2021.10.win32_1.0.0.202111181127/tools/bin/../lib/gcc/arm-none-eabi/10.3.1/../../../../arm-none-eabi/lib/thumb/v7e-m+fp/hard\libc_nano.a(lib_a-strlen.o)
                              ./Core/Src/spi.o (strlen)
[...]
Memory Configuration

Name             Origin             Length             Attributes
CCMRAM           0x0000000010000000 0x0000000000010000 xrw
RAM              0x0000000020000000 0x0000000000020000 xrw
FLASH            0x0000000008000000 0x0000000000100000 xr
*default*        0x0000000000000000 0xffffffffffffffff

Linker script and memory map

LOAD c:/program files/stmicroelectronics/stm32cube/stm32cubeide_1.10.1/stm32cubeide/plugins/com.st.stm32cube.ide.mcu.externaltools.gnu-tools-for-stm32.10.3-2021.10.win32_1.0.0.202111181127/tools/bin/../lib/gcc/arm-none-eabi/10.3.1/thumb/v7e-m+fp/hard/crti.o
LOAD c:/program files/stmicroelectronics/stm32cube/stm32cubeide_1.10.1/stm32cubeide/plugins/com.st.stm32cube.ide.mcu.externaltools.gnu-tools-for-stm32.10.3-2021.10.win32_1.0.0.202111181127/tools/bin/../lib/gcc/arm-none-eabi/10.3.1/thumb/v7e-m+fp/hard/crtbegin.o
LOAD c:/program files/stmicroelectronics/stm32cube/stm32cubeide_1.10.1/stm32cubeide/plugins/com.st.stm32cube.ide.mcu.externaltools.gnu-tools-for-stm32.10.3-2021.10.win32_1.0.0.202111181127/tools/bin/../lib/gcc/arm-none-eabi/10.3.1/../../../../arm-none-eabi/lib/thumb/v7e-m+fp/hard/crt0.o
LOAD ./Core/Src/dma.o
LOAD ./Core/Src/fsmc.o
LOAD ./Core/Src/gpio.o
LOAD ./Core/Src/main.o
LOAD ./Core/Src/spi.o
LOAD ./Core/Src/stm32f4xx_hal_msp.o
LOAD ./Core/Src/stm32f4xx_it.o
LOAD ./Core/Src/syscalls.o
LOAD ./Core/Src/sysmem.o
LOAD ./Core/Src/system_stm32f4xx.o
LOAD ./Core/Startup/startup_stm32f407zgtx.o
LOAD ./Drivers/BSP/Src/keyled.o
LOAD ./Drivers/BSP/Src/lcd.o
LOAD ./Drivers/BSP/Src/w25flash.o
LOAD ./Drivers/STM32F4xx_HAL_Driver/Src/stm32f4xx_hal.o
LOAD ./Drivers/STM32F4xx_HAL_Driver/Src/stm32f4xx_hal_cortex.o
LOAD ./Drivers/STM32F4xx_HAL_Driver/Src/stm32f4xx_hal_dma.o
LOAD ./Drivers/STM32F4xx_HAL_Driver/Src/stm32f4xx_hal_dma_ex.o
LOAD ./Drivers/STM32F4xx_HAL_Driver/Src/stm32f4xx_hal_exti.o
LOAD ./Drivers/STM32F4xx_HAL_Driver/Src/stm32f4xx_hal_flash.o
LOAD ./Drivers/STM32F4xx_HAL_Driver/Src/stm32f4xx_hal_flash_ex.o
LOAD ./Drivers/STM32F4xx_HAL_Driver/Src/stm32f4xx_hal_flash_ramfunc.o
LOAD ./Drivers/STM32F4xx_HAL_Driver/Src/stm32f4xx_hal_gpio.o
LOAD ./Drivers/STM32F4xx_HAL_Driver/Src/stm32f4xx_hal_pwr.o
LOAD ./Drivers/STM32F4xx_HAL_Driver/Src/stm32f4xx_hal_pwr_ex.o
LOAD ./Drivers/STM32F4xx_HAL_Driver/Src/stm32f4xx_hal_rcc.o
LOAD ./Drivers/STM32F4xx_HAL_Driver/Src/stm32f4xx_hal_rcc_ex.o
LOAD ./Drivers/STM32F4xx_HAL_Driver/Src/stm32f4xx_hal_spi.o
LOAD ./Drivers/STM32F4xx_HAL_Driver/Src/stm32f4xx_hal_sram.o
LOAD ./Drivers/STM32F4xx_HAL_Driver/Src/stm32f4xx_hal_tim.o
LOAD ./Drivers/STM32F4xx_HAL_Driver/Src/stm32f4xx_hal_tim_ex.o
LOAD ./Drivers/STM32F4xx_HAL_Driver/Src/stm32f4xx_ll_fsmc.o
START GROUP
LOAD c:/program files/stmicroelectronics/stm32cube/stm32cubeide_1.10.1/stm32cubeide/plugins/com.st.stm32cube.ide.mcu.externaltools.gnu-tools-for-stm32.10.3-2021.10.win32_1.0.0.202111181127/tools/bin/../lib/gcc/arm-none-eabi/10.3.1/../../../../arm-none-eabi/lib/thumb/v7e-m+fp/hard\libc_nano.a
LOAD c:/program files/stmicroelectronics/stm32cube/stm32cubeide_1.10.1/stm32cubeide/plugins/com.st.stm32cube.ide.mcu.externaltools.gnu-tools-for-stm32.10.3-2021.10.win32_1.0.0.202111181127/tools/bin/../lib/gcc/arm-none-eabi/10.3.1/../../../../arm-none-eabi/lib/thumb/v7e-m+fp/hard\libm.a
END GROUP
START GROUP
LOAD c:/program files/stmicroelectronics/stm32cube/stm32cubeide_1.10.1/stm32cubeide/plugins/com.st.stm32cube.ide.mcu.externaltools.gnu-tools-for-stm32.10.3-2021.10.win32_1.0.0.202111181127/tools/bin/../lib/gcc/arm-none-eabi/10.3.1/thumb/v7e-m+fp/hard\libgcc.a
LOAD c:/program files/stmicroelectronics/stm32cube/stm32cubeide_1.10.1/stm32cubeide/plugins/com.st.stm32cube.ide.mcu.externaltools.gnu-tools-for-stm32.10.3-2021.10.win32_1.0.0.202111181127/tools/bin/../lib/gcc/arm-none-eabi/10.3.1/../../../../arm-none-eabi/lib/thumb/v7e-m+fp/hard\libc_nano.a
END GROUP
START GROUP
LOAD c:/program files/stmicroelectronics/stm32cube/stm32cubeide_1.10.1/stm32cubeide/plugins/com.st.stm32cube.ide.mcu.externaltools.gnu-tools-for-stm32.10.3-2021.10.win32_1.0.0.202111181127/tools/bin/../lib/gcc/arm-none-eabi/10.3.1/thumb/v7e-m+fp/hard\libgcc.a
LOAD c:/program files/stmicroelectronics/stm32cube/stm32cubeide_1.10.1/stm32cubeide/plugins/com.st.stm32cube.ide.mcu.externaltools.gnu-tools-for-stm32.10.3-2021.10.win32_1.0.0.202111181127/tools/bin/../lib/gcc/arm-none-eabi/10.3.1/../../../../arm-none-eabi/lib/thumb/v7e-m+fp/hard\libc_nano.a
LOAD c:/program files/stmicroelectronics/stm32cube/stm32cubeide_1.10.1/stm32cubeide/plugins/com.st.stm32cube.ide.mcu.externaltools.gnu-tools-for-stm32.10.3-2021.10.win32_1.0.0.202111181127/tools/bin/../lib/gcc/arm-none-eabi/10.3.1/../../../../arm-none-eabi/lib/thumb/v7e-m+fp/hard\libnosys.a
END GROUP
START GROUP
LOAD c:/program files/stmicroelectronics/stm32cube/stm32cubeide_1.10.1/stm32cubeide/plugins/com.st.stm32cube.ide.mcu.externaltools.gnu-tools-for-stm32.10.3-2021.10.win32_1.0.0.202111181127/tools/bin/../lib/gcc/arm-none-eabi/10.3.1/thumb/v7e-m+fp/hard\libgcc.a
LOAD c:/program files/stmicroelectronics/stm32cube/stm32cubeide_1.10.1/stm32cubeide/plugins/com.st.stm32cube.ide.mcu.externaltools.gnu-tools-for-stm32.10.3-2021.10.win32_1.0.0.202111181127/tools/bin/../lib/gcc/arm-none-eabi/10.3.1/../../../../arm-none-eabi/lib/thumb/v7e-m+fp/hard\libc_nano.a
LOAD c:/program files/stmicroelectronics/stm32cube/stm32cubeide_1.10.1/stm32cubeide/plugins/com.st.stm32cube.ide.mcu.externaltools.gnu-tools-for-stm32.10.3-2021.10.win32_1.0.0.202111181127/tools/bin/../lib/gcc/arm-none-eabi/10.3.1/../../../../arm-none-eabi/lib/thumb/v7e-m+fp/hard\libnosys.a
END GROUP
LOAD c:/program files/stmicroelectronics/stm32cube/stm32cubeide_1.10.1/stm32cubeide/plugins/com.st.stm32cube.ide.mcu.externaltools.gnu-tools-for-stm32.10.3-2021.10.win32_1.0.0.202111181127/tools/bin/../lib/gcc/arm-none-eabi/10.3.1/thumb/v7e-m+fp/hard/crtend.o
LOAD c:/program files/stmicroelectronics/stm32cube/stm32cubeide_1.10.1/stm32cubeide/plugins/com.st.stm32cube.ide.mcu.externaltools.gnu-tools-for-stm32.10.3-2021.10.win32_1.0.0.202111181127/tools/bin/../lib/gcc/arm-none-eabi/10.3.1/thumb/v7e-m+fp/hard/crtn.o
                0x0000000020020000                _estack = (ORIGIN (RAM) + LENGTH (RAM))
                0x0000000000000200                _Min_Heap_Size = 0x200
                0x0000000000000400                _Min_Stack_Size = 0x400

.isr_vector     0x0000000008000000      0x188
                0x0000000008000000                . = ALIGN (0x4)
 *(.isr_vector)
 .isr_vector    0x0000000008000000      0x188 ./Core/Startup/startup_stm32f407zgtx.o
                0x0000000008000000                g_pfnVectors
                0x0000000008000188                . = ALIGN (0x4)

.text           0x0000000008000190     0xab40
                0x0000000008000190                . = ALIGN (0x4)
 *(.text)
 .text          0x0000000008000190       0x40 c:/program files/stmicroelectronics/stm32cube/stm32cubeide_1.10.1/stm32cubeide/plugins/com.st.stm32cube.ide.mcu.externaltools.gnu-tools-for-stm32.10.3-2021.10.win32_1.0.0.202111181127/tools/bin/../lib/gcc/arm-none-eabi/10.3.1/thumb/v7e-m+fp/hard/crtbegin.o
 .text          0x00000000080001d0       0x10 c:/program files/stmicroelectronics/stm32cube/stm32cubeide_1.10.1/stm32cubeide/plugins/com.st.stm32cube.ide.mcu.externaltools.gnu-tools-for-stm32.10.3-2021.10.win32_1.0.0.202111181127/tools/bin/../lib/gcc/arm-none-eabi/10.3.1/../../../../arm-none-eabi/lib/thumb/v7e-m+fp/hard\libc_nano.a(lib_a-strlen.o)
                0x00000000080001d0                strlen
 .text          0x00000000080001e0       0xa0 c:/program files/stmicroelectronics/stm32cube/stm32cubeide_1.10.1/stm32cubeide/plugins/com.st.stm32cube.ide.mcu.externaltools.gnu-tools-for-stm32.10.3-2021.10.win32_1.0.0.202111181127/tools/bin/../lib/gcc/arm-none-eabi/10.3.1/../../../../arm-none-eabi/lib/thumb/v7e-m+fp/hard\libc_nano.a(lib_a-memchr.o)
                0x00000000080001e0                memchr
 .text          0x0000000008000280      0x378 c:/program files/stmicroelectronics/stm32cube/stm32cubeide_1.10.1/stm32cubeide/plugins/com.st.stm32cube.ide.mcu.externaltools.gnu-tools-for-stm32.10.3-2021.10.win32_1.0.0.202111181127/tools/bin/../lib/gcc/arm-none-eabi/10.3.1/thumb/v7e-m+fp/hard\libgcc.a(_arm_addsubdf3.o)
                0x0000000008000280                __aeabi_drsub
                0x0000000008000288                __aeabi_dsub
                0x0000000008000288                __subdf3
                0x000000000800028c                __aeabi_dadd
                0x000000000800028c                __adddf3
                0x0000000008000504                __floatunsidf
                0x0000000008000504                __aeabi_ui2d
                0x0000000008000524                __floatsidf
                0x0000000008000524                __aeabi_i2d
                0x0000000008000548                __aeabi_f2d
                0x0000000008000548                __extendsfdf2
                0x000000000800058c                __floatundidf
                0x000000000800058c                __aeabi_ul2d
                0x000000000800059c                __floatdidf
                0x000000000800059c                __aeabi_l2d
 .text          0x00000000080005f8      0x424 c:/program files/stmicroelectronics/stm32cube/stm32cubeide_1.10.1/stm32cubeide/plugins/com.st.stm32cube.ide.mcu.externaltools.gnu-tools-for-stm32.10.3-2021.10.win32_1.0.0.202111181127/tools/bin/../lib/gcc/arm-none-eabi/10.3.1/thumb/v7e-m+fp/hard\libgcc.a(_arm_muldivdf3.o)
                0x00000000080005f8                __aeabi_dmul
                0x00000000080005f8                __muldf3
                0x000000000800084c                __divdf3
                0x000000000800084c                __aeabi_ddiv
 .text          0x0000000008000a1c      0x110 c:/program files/stmicroelectronics/stm32cube/stm32cubeide_1.10.1/stm32cubeide/plugins/com.st.stm32cube.ide.mcu.externaltools.gnu-tools-for-stm32.10.3-2021.10.win32_1.0.0.202111181127/tools/bin/../lib/gcc/arm-none-eabi/10.3.1/thumb/v7e-m+fp/hard\libgcc.a(_arm_cmpdf2.o)
                0x0000000008000a1c                __gtdf2
                0x0000000008000a1c                __gedf2
                0x0000000008000a24                __ltdf2
                0x0000000008000a24                __ledf2
                0x0000000008000a2c                __nedf2
                0x0000000008000a2c                __eqdf2
                0x0000000008000a2c                __cmpdf2
                0x0000000008000aa8                __aeabi_cdrcmple
                0x0000000008000ab8                __aeabi_cdcmpeq
                0x0000000008000ab8                __aeabi_cdcmple
                0x0000000008000ac8                __aeabi_dcmpeq
                0x0000000008000adc                __aeabi_dcmplt
                0x0000000008000af0                __aeabi_dcmple
                0x0000000008000b04                __aeabi_dcmpge
                0x0000000008000b18                __aeabi_dcmpgt
 .text          0x0000000008000b2c       0x2c c:/program files/stmicroelectronics/stm32cube/stm32cubeide_1.10.1/stm32cubeide/plugins/com.st.stm32cube.ide.mcu.externaltools.gnu-tools-for-stm32.10.3-2021.10.win32_1.0.0.202111181127/tools/bin/../lib/gcc/arm-none-eabi/10.3.1/thumb/v7e-m+fp/hard\libgcc.a(_arm_unorddf2.o)
                0x0000000008000b2c                __unorddf2
                0x0000000008000b2c                __aeabi_dcmpun
 .text          0x0000000008000b58       0x50 c:/program files/stmicroelectronics/stm32cube/stm32cubeide_1.10.1/stm32cubeide/plugins/com.st.stm32cube.ide.mcu.externaltools.gnu-tools-for-stm32.10.3-2021.10.win32_1.0.0.202111181127/tools/bin/../lib/gcc/arm-none-eabi/10.3.1/thumb/v7e-m+fp/hard\libgcc.a(_arm_fixdfsi.o)
                0x0000000008000b58                __aeabi_d2iz
                0x0000000008000b58                __fixdfsi
 .text          0x0000000008000ba8       0x40 c:/program files/stmicroelectronics/stm32cube/stm32cubeide_1.10.1/stm32cubeide/plugins/com.st.stm32cube.ide.mcu.externaltools.gnu-tools-for-stm32.10.3-2021.10.win32_1.0.0.202111181127/tools/bin/../lib/gcc/arm-none-eabi/10.3.1/thumb/v7e-m+fp/hard\libgcc.a(_arm_fixunsdfsi.o)
                0x0000000008000ba8                __aeabi_d2uiz
                0x0000000008000ba8                __fixunsdfsi
 .text          0x0000000008000be8       0x30 c:/program files/stmicroelectronics/stm32cube/stm32cubeide_1.10.1/stm32cubeide/plugins/com.st.stm32cube.ide.mcu.externaltools.gnu-tools-for-stm32.10.3-2021.10.win32_1.0.0.202111181127/tools/bin/../lib/gcc/arm-none-eabi/10.3.1/thumb/v7e-m+fp/hard\libgcc.a(_aeabi_uldivmod.o)
                0x0000000008000be8                __aeabi_uldivmod
 .text          0x0000000008000c18      0x2d0 c:/program files/stmicroelectronics/stm32cube/stm32cubeide_1.10.1/stm32cubeide/plugins/com.st.stm32cube.ide.mcu.externaltools.gnu-tools-for-stm32.10.3-2021.10.win32_1.0.0.202111181127/tools/bin/../lib/gcc/arm-none-eabi/10.3.1/thumb/v7e-m+fp/hard\libgcc.a(_udivmoddi4.o)
                0x0000000008000c18                __udivmoddi4
 .text          0x0000000008000ee8        0x4 c:/program files/stmicroelectronics/stm32cube/stm32cubeide_1.10.1/stm32cubeide/plugins/com.st.stm32cube.ide.mcu.externaltools.gnu-tools-for-stm32.10.3-2021.10.win32_1.0.0.202111181127/tools/bin/../lib/gcc/arm-none-eabi/10.3.1/thumb/v7e-m+fp/hard\libgcc.a(_dvmd_tls.o)
                0x0000000008000ee8                __aeabi_idiv0
                0x0000000008000ee8                __aeabi_ldiv0
 *(.text*)
 .text.MX_DMA_Init
                0x0000000008000eec       0x50 ./Core/Src/dma.o
                0x0000000008000eec                MX_DMA_Init
 .text.MX_FSMC_Init
                0x0000000008000f3c       0xf4 ./Core/Src/fsmc.o
                0x0000000008000f3c                MX_FSMC_Init
 .text.HAL_FSMC_MspInit
                0x0000000008001030       0xe0 ./Core/Src/fsmc.o
 .text.HAL_SRAM_MspInit
                0x0000000008001110       0x14 ./Core/Src/fsmc.o
                0x0000000008001110                HAL_SRAM_MspInit
 .text.MX_GPIO_Init
                0x0000000008001124      0x188 ./Core/Src/gpio.o
                0x0000000008001124                MX_GPIO_Init
 .text.main     0x00000000080012ac      0x1d4 ./Core/Src/main.o
                0x00000000080012ac                main
 .text.SystemClock_Config
                0x0000000008001480       0xd4 ./Core/Src/main.o
                0x0000000008001480                SystemClock_Config
 .text.Error_Handler
                0x0000000008001554        0xa ./Core/Src/main.o
                0x0000000008001554                Error_Handler
 *fill*         0x000000000800155e        0x2 
 .text.MX_SPI1_Init
                0x0000000008001560       0x6c ./Core/Src/spi.o
                0x0000000008001560                MX_SPI1_Init
 .text.HAL_SPI_MspInit
                0x00000000080015cc      0x158 ./Core/Src/spi.o
                0x00000000080015cc                HAL_SPI_MspInit
 .text.Flash_TestReadStatus
                0x0000000008001724      0x190 ./Core/Src/spi.o
                0x0000000008001724                Flash_TestReadStatus
 .text.Flash_TestWriteDMA
                0x00000000080018b4       0x6c ./Core/Src/spi.o
                0x00000000080018b4                Flash_TestWriteDMA
 .text.HAL_SPI_TxCpltCallback
                0x0000000008001920       0x3c ./Core/Src/spi.o
                0x0000000008001920                HAL_SPI_TxCpltCallback
 .text.Flash_TestReadDMA
                0x000000000800195c       0x38 ./Core/Src/spi.o
                0x000000000800195c                Flash_TestReadDMA
 .text.HAL_SPI_RxCpltCallback
                0x0000000008001994       0x70 ./Core/Src/spi.o
                0x0000000008001994                HAL_SPI_RxCpltCallback
 .text.HAL_MspInit
                0x0000000008001a04       0x50 ./Core/Src/stm32f4xx_hal_msp.o
                0x0000000008001a04                HAL_MspInit
 .text.NMI_Handler
                0x0000000008001a54        0x6 ./Core/Src/stm32f4xx_it.o
                0x0000000008001a54                NMI_Handler
 .text.HardFault_Handler
                0x0000000008001a5a        0x6 ./Core/Src/stm32f4xx_it.o
                0x0000000008001a5a                HardFault_Handler
 .text.MemManage_Handler
                0x0000000008001a60        0x6 ./Core/Src/stm32f4xx_it.o
                0x0000000008001a60                MemManage_Handler
 .text.BusFault_Handler
                0x0000000008001a66        0x6 ./Core/Src/stm32f4xx_it.o
                0x0000000008001a66                BusFault_Handler
 .text.UsageFault_Handler
                0x0000000008001a6c        0x6 ./Core/Src/stm32f4xx_it.o
                0x0000000008001a6c                UsageFault_Handler
 .text.SVC_Handler
                0x0000000008001a72        0xe ./Core/Src/stm32f4xx_it.o
                0x0000000008001a72                SVC_Handler
 .text.DebugMon_Handler
                0x0000000008001a80        0xe ./Core/Src/stm32f4xx_it.o
                0x0000000008001a80                DebugMon_Handler
 .text.PendSV_Handler
                0x0000000008001a8e        0xe ./Core/Src/stm32f4xx_it.o
                0x0000000008001a8e                PendSV_Handler
 .text.SysTick_Handler
                0x0000000008001a9c        0xc ./Core/Src/stm32f4xx_it.o
                0x0000000008001a9c                SysTick_Handler
 .text.DMA2_Stream0_IRQHandler
                0x0000000008001aa8       0x14 ./Core/Src/stm32f4xx_it.o
                0x0000000008001aa8                DMA2_Stream0_IRQHandler
 .text.DMA2_Stream3_IRQHandler
                0x0000000008001abc       0x14 ./Core/Src/stm32f4xx_it.o
                0x0000000008001abc                DMA2_Stream3_IRQHandler
 .text._getpid  0x0000000008001ad0       0x10 ./Core/Src/syscalls.o
                0x0000000008001ad0                _getpid
 .text._kill    0x0000000008001ae0       0x20 ./Core/Src/syscalls.o
                0x0000000008001ae0                _kill
 .text._exit    0x0000000008001b00       0x14 ./Core/Src/syscalls.o
                0x0000000008001b00                _exit
 .text._read    0x0000000008001b14       0x3a ./Core/Src/syscalls.o
                0x0000000008001b14                _read
 .text._write   0x0000000008001b4e       0x38 ./Core/Src/syscalls.o
                0x0000000008001b4e                _write
 .text._close   0x0000000008001b86       0x18 ./Core/Src/syscalls.o
                0x0000000008001b86                _close
 .text._fstat   0x0000000008001b9e       0x20 ./Core/Src/syscalls.o
                0x0000000008001b9e                _fstat
 .text._isatty  0x0000000008001bbe       0x16 ./Core/Src/syscalls.o
                0x0000000008001bbe                _isatty
 .text._lseek   0x0000000008001bd4       0x1a ./Core/Src/syscalls.o
                0x0000000008001bd4                _lseek
 *fill*         0x0000000008001bee        0x2 
 .text._sbrk    0x0000000008001bf0       0x6c ./Core/Src/sysmem.o
                0x0000000008001bf0                _sbrk
 .text.SystemInit
                0x0000000008001c5c       0x24 ./Core/Src/system_stm32f4xx.o
                0x0000000008001c5c                SystemInit
 .text.Reset_Handler
                0x0000000008001c80       0x50 ./Core/Startup/startup_stm32f407zgtx.o
                0x0000000008001c80                Reset_Handler
 .text.Default_Handler
                0x0000000008001cd0        0x2 ./Core/Startup/startup_stm32f407zgtx.o
                0x0000000008001cd0                RTC_Alarm_IRQHandler
                0x0000000008001cd0                HASH_RNG_IRQHandler
                0x0000000008001cd0                EXTI2_IRQHandler
                0x0000000008001cd0                TIM8_CC_IRQHandler
                0x0000000008001cd0                TIM1_CC_IRQHandler
                0x0000000008001cd0                DMA2_Stream5_IRQHandler
                0x0000000008001cd0                DMA1_Stream5_IRQHandler
                0x0000000008001cd0                PVD_IRQHandler
                0x0000000008001cd0                SDIO_IRQHandler
                0x0000000008001cd0                TAMP_STAMP_IRQHandler
                0x0000000008001cd0                CAN2_RX1_IRQHandler
                0x0000000008001cd0                EXTI3_IRQHandler
                0x0000000008001cd0                TIM8_TRG_COM_TIM14_IRQHandler
                0x0000000008001cd0                TIM1_UP_TIM10_IRQHandler
                0x0000000008001cd0                TIM8_UP_TIM13_IRQHandler
                0x0000000008001cd0                I2C3_ER_IRQHandler
                0x0000000008001cd0                EXTI0_IRQHandler
                0x0000000008001cd0                I2C2_EV_IRQHandler
                0x0000000008001cd0                DMA1_Stream2_IRQHandler
                0x0000000008001cd0                CAN1_RX0_IRQHandler
                0x0000000008001cd0                FPU_IRQHandler
                0x0000000008001cd0                OTG_HS_WKUP_IRQHandler
                0x0000000008001cd0                CAN2_SCE_IRQHandler
                0x0000000008001cd0                DMA2_Stream2_IRQHandler
                0x0000000008001cd0                SPI1_IRQHandler
                0x0000000008001cd0                TIM6_DAC_IRQHandler
                0x0000000008001cd0                TIM1_BRK_TIM9_IRQHandler
                0x0000000008001cd0                DCMI_IRQHandler
                0x0000000008001cd0                CAN2_RX0_IRQHandler
                0x0000000008001cd0                USART6_IRQHandler
                0x0000000008001cd0                USART3_IRQHandler
                0x0000000008001cd0                CAN1_RX1_IRQHandler
                0x0000000008001cd0                UART5_IRQHandler
                0x0000000008001cd0                TIM4_IRQHandler
                0x0000000008001cd0                I2C1_EV_IRQHandler
                0x0000000008001cd0                DMA1_Stream6_IRQHandler
                0x0000000008001cd0                DMA1_Stream1_IRQHandler
                0x0000000008001cd0                UART4_IRQHandler
                0x0000000008001cd0                TIM3_IRQHandler
                0x0000000008001cd0                RCC_IRQHandler
                0x0000000008001cd0                TIM8_BRK_TIM12_IRQHandler
                0x0000000008001cd0                Default_Handler
                0x0000000008001cd0                EXTI15_10_IRQHandler
                0x0000000008001cd0                ADC_IRQHandler
                0x0000000008001cd0                DMA1_Stream7_IRQHandler
                0x0000000008001cd0                TIM7_IRQHandler
                0x0000000008001cd0                CAN2_TX_IRQHandler
                0x0000000008001cd0                TIM5_IRQHandler
                0x0000000008001cd0                DMA2_Stream7_IRQHandler
                0x0000000008001cd0                I2C3_EV_IRQHandler
                0x0000000008001cd0                EXTI9_5_IRQHandler
                0x0000000008001cd0                RTC_WKUP_IRQHandler
                0x0000000008001cd0                ETH_WKUP_IRQHandler
                0x0000000008001cd0                SPI2_IRQHandler
                0x0000000008001cd0                OTG_HS_EP1_IN_IRQHandler
                0x0000000008001cd0                DMA1_Stream0_IRQHandler
                0x0000000008001cd0                CAN1_TX_IRQHandler
                0x0000000008001cd0                EXTI4_IRQHandler
                0x0000000008001cd0                FSMC_IRQHandler
                0x0000000008001cd0                ETH_IRQHandler
                0x0000000008001cd0                OTG_HS_EP1_OUT_IRQHandler
                0x0000000008001cd0                WWDG_IRQHandler
                0x0000000008001cd0                TIM2_IRQHandler
                0x0000000008001cd0                OTG_FS_WKUP_IRQHandler
                0x0000000008001cd0                TIM1_TRG_COM_TIM11_IRQHandler
                0x0000000008001cd0                OTG_HS_IRQHandler
                0x0000000008001cd0                EXTI1_IRQHandler
                0x0000000008001cd0                USART2_IRQHandler
                0x0000000008001cd0                I2C2_ER_IRQHandler
                0x0000000008001cd0                DMA2_Stream1_IRQHandler
                0x0000000008001cd0                CAN1_SCE_IRQHandler
                0x0000000008001cd0                FLASH_IRQHandler
                0x0000000008001cd0                DMA2_Stream4_IRQHandler
                0x0000000008001cd0                USART1_IRQHandler
                0x0000000008001cd0                OTG_FS_IRQHandler
                0x0000000008001cd0                SPI3_IRQHandler
                0x0000000008001cd0                DMA1_Stream4_IRQHandler
                0x0000000008001cd0                I2C1_ER_IRQHandler
                0x0000000008001cd0                DMA2_Stream6_IRQHandler
                0x0000000008001cd0                DMA1_Stream3_IRQHandler
 *fill*         0x0000000008001cd2        0x2 
 .text.ScanPressedKey
                0x0000000008001cd4       0xd8 ./Drivers/BSP/Src/keyled.o
                0x0000000008001cd4                ScanPressedKey
 .text.lcd_wr_data
                0x0000000008001dac       0x28 ./Drivers/BSP/Src/lcd.o
                0x0000000008001dac                lcd_wr_data
 .text.lcd_wr_regno
                0x0000000008001dd4       0x28 ./Drivers/BSP/Src/lcd.o
                0x0000000008001dd4                lcd_wr_regno
 .text.lcd_write_reg
                0x0000000008001dfc       0x2c ./Drivers/BSP/Src/lcd.o
                0x0000000008001dfc                lcd_write_reg
 .text.lcd_rd_data
                0x0000000008001e28       0x24 ./Drivers/BSP/Src/lcd.o
 .text.lcd_write_ram_prepare
                0x0000000008001e4c       0x20 ./Drivers/BSP/Src/lcd.o
                0x0000000008001e4c                lcd_write_ram_prepare
 .text.lcd_set_cursor
                0x0000000008001e6c      0x1ac ./Drivers/BSP/Src/lcd.o
                0x0000000008001e6c                lcd_set_cursor
 .text.lcd_scan_dir
                0x0000000008002018      0x2fc ./Drivers/BSP/Src/lcd.o
                0x0000000008002018                lcd_scan_dir
 .text.lcd_draw_point
                0x0000000008002314       0x34 ./Drivers/BSP/Src/lcd.o
                0x0000000008002314                lcd_draw_point
 .text.lcd_ssd_backlight_set
                0x0000000008002348       0x68 ./Drivers/BSP/Src/lcd.o
                0x0000000008002348                lcd_ssd_backlight_set
 .text.lcd_display_dir
                0x00000000080023b0      0x170 ./Drivers/BSP/Src/lcd.o
                0x00000000080023b0                lcd_display_dir
 .text.lcd_init
                0x0000000008002520      0x2f4 ./Drivers/BSP/Src/lcd.o
                0x0000000008002520                lcd_init
 .text.lcd_clear
                0x0000000008002814       0x5c ./Drivers/BSP/Src/lcd.o
                0x0000000008002814                lcd_clear
 .text.lcd_fill
                0x0000000008002870       0x7c ./Drivers/BSP/Src/lcd.o
                0x0000000008002870                lcd_fill
 .text.lcd_show_char
                0x00000000080028ec      0x1bc ./Drivers/BSP/Src/lcd.o
                0x00000000080028ec                lcd_show_char
 .text.lcd_show_str
                0x0000000008002aa8       0xa8 ./Drivers/BSP/Src/lcd.o
                0x0000000008002aa8                lcd_show_str
 .text.lcd_ex_st7789_reginit
                0x0000000008002b50      0x1ac ./Drivers/BSP/Src/lcd.o
                0x0000000008002b50                lcd_ex_st7789_reginit
 .text.lcd_ex_ili9341_reginit
                0x0000000008002cfc      0x230 ./Drivers/BSP/Src/lcd.o
                0x0000000008002cfc                lcd_ex_ili9341_reginit
 .text.lcd_ex_nt35310_reginit
                0x0000000008002f2c      0xef6 ./Drivers/BSP/Src/lcd.o
                0x0000000008002f2c                lcd_ex_nt35310_reginit
 .text.lcd_ex_nt35510_reginit
                0x0000000008003e22      0xf00 ./Drivers/BSP/Src/lcd.o
                0x0000000008003e22                lcd_ex_nt35510_reginit
 .text.lcd_ex_ssd1963_reginit
                0x0000000008004d22      0x172 ./Drivers/BSP/Src/lcd.o
                0x0000000008004d22                lcd_ex_ssd1963_reginit
 .text.SPI_TransmitOneByte
                0x0000000008004e94       0x24 ./Drivers/BSP/Src/w25flash.o
                0x0000000008004e94                SPI_TransmitOneByte
 .text.SPI_TransmitBytes_DMA
                0x0000000008004eb8       0x28 ./Drivers/BSP/Src/w25flash.o
                0x0000000008004eb8                SPI_TransmitBytes_DMA
 .text.SPI_ReceiveOneByte
                0x0000000008004ee0       0x24 ./Drivers/BSP/Src/w25flash.o
                0x0000000008004ee0                SPI_ReceiveOneByte
 .text.SPI_ReceiveBytes_DMA
                0x0000000008004f04       0x28 ./Drivers/BSP/Src/w25flash.o
                0x0000000008004f04                SPI_ReceiveBytes_DMA
 .text.Flash_ReadSR1
                0x0000000008004f2c       0x40 ./Drivers/BSP/Src/w25flash.o
                0x0000000008004f2c                Flash_ReadSR1
 .text.Flash_ReadSR2
                0x0000000008004f6c       0x40 ./Drivers/BSP/Src/w25flash.o
                0x0000000008004f6c                Flash_ReadSR2
 .text.Flash_Write_Enable
                0x0000000008004fac       0x3c ./Drivers/BSP/Src/w25flash.o
                0x0000000008004fac                Flash_Write_Enable
 .text.Flash_Addr_byBlockSectorPage
                0x0000000008004fe8       0x62 ./Drivers/BSP/Src/w25flash.o
                0x0000000008004fe8                Flash_Addr_byBlockSectorPage
 .text.Flash_SpliteAddr
                0x000000000800504a       0x3c ./Drivers/BSP/Src/w25flash.o
                0x000000000800504a                Flash_SpliteAddr
 *fill*         0x0000000008005086        0x2 
 .text.Flash_ReadID
                0x0000000008005088       0x64 ./Drivers/BSP/Src/w25flash.o
                0x0000000008005088                Flash_ReadID
 .text.Flash_ReadBytes_DMA
                0x00000000080050ec       0x60 ./Drivers/BSP/Src/w25flash.o
                0x00000000080050ec                Flash_ReadBytes_DMA
 .text.Flash_EraseChip
                0x000000000800514c       0x38 ./Drivers/BSP/Src/w25flash.o
                0x000000000800514c                Flash_EraseChip
 .text.Flash_WriteInPage_DMA
                0x0000000008005184       0x68 ./Drivers/BSP/Src/w25flash.o
                0x0000000008005184                Flash_WriteInPage_DMA
 .text.Flash_EraseBlock64K
                0x00000000080051ec       0x68 ./Drivers/BSP/Src/w25flash.o
                0x00000000080051ec                Flash_EraseBlock64K
 .text.Flash_Wait_Busy
                0x0000000008005254       0x40 ./Drivers/BSP/Src/w25flash.o
                0x0000000008005254                Flash_Wait_Busy
 .text.HAL_Init
                0x0000000008005294       0x44 ./Drivers/STM32F4xx_HAL_Driver/Src/stm32f4xx_hal.o
                0x0000000008005294                HAL_Init
 .text.HAL_InitTick
                0x00000000080052d8       0x60 ./Drivers/STM32F4xx_HAL_Driver/Src/stm32f4xx_hal.o
                0x00000000080052d8                HAL_InitTick
 .text.HAL_IncTick
                0x0000000008005338       0x28 ./Drivers/STM32F4xx_HAL_Driver/Src/stm32f4xx_hal.o
                0x0000000008005338                HAL_IncTick
 .text.HAL_GetTick
                0x0000000008005360       0x18 ./Drivers/STM32F4xx_HAL_Driver/Src/stm32f4xx_hal.o
                0x0000000008005360                HAL_GetTick
 .text.HAL_Delay
                0x0000000008005378       0x48 ./Drivers/STM32F4xx_HAL_Driver/Src/stm32f4xx_hal.o
                0x0000000008005378                HAL_Delay
 .text.__NVIC_SetPriorityGrouping
                0x00000000080053c0       0x48 ./Drivers/STM32F4xx_HAL_Driver/Src/stm32f4xx_hal_cortex.o
 .text.__NVIC_GetPriorityGrouping
                0x0000000008005408       0x1c ./Drivers/STM32F4xx_HAL_Driver/Src/stm32f4xx_hal_cortex.o
 .text.__NVIC_EnableIRQ
                0x0000000008005424       0x3c ./Drivers/STM32F4xx_HAL_Driver/Src/stm32f4xx_hal_cortex.o
 .text.__NVIC_SetPriority
                0x0000000008005460       0x54 ./Drivers/STM32F4xx_HAL_Driver/Src/stm32f4xx_hal_cortex.o
 .text.NVIC_EncodePriority
                0x00000000080054b4       0x66 ./Drivers/STM32F4xx_HAL_Driver/Src/stm32f4xx_hal_cortex.o
 *fill*         0x000000000800551a        0x2 
 .text.SysTick_Config
                0x000000000800551c       0x44 ./Drivers/STM32F4xx_HAL_Driver/Src/stm32f4xx_hal_cortex.o
 .text.HAL_NVIC_SetPriorityGrouping
                0x0000000008005560       0x16 ./Drivers/STM32F4xx_HAL_Driver/Src/stm32f4xx_hal_cortex.o
                0x0000000008005560                HAL_NVIC_SetPriorityGrouping
 .text.HAL_NVIC_SetPriority
                0x0000000008005576       0x38 ./Drivers/STM32F4xx_HAL_Driver/Src/stm32f4xx_hal_cortex.o
                0x0000000008005576                HAL_NVIC_SetPriority
 .text.HAL_NVIC_EnableIRQ
                0x00000000080055ae       0x1c ./Drivers/STM32F4xx_HAL_Driver/Src/stm32f4xx_hal_cortex.o
                0x00000000080055ae                HAL_NVIC_EnableIRQ
 .text.HAL_SYSTICK_Config
                0x00000000080055ca       0x18 ./Drivers/STM32F4xx_HAL_Driver/Src/stm32f4xx_hal_cortex.o
                0x00000000080055ca                HAL_SYSTICK_Config
 *fill*         0x00000000080055e2        0x2 
 .text.HAL_DMA_Init
                0x00000000080055e4      0x15c ./Drivers/STM32F4xx_HAL_Driver/Src/stm32f4xx_hal_dma.o
                0x00000000080055e4                HAL_DMA_Init
 .text.HAL_DMA_Start_IT
                0x0000000008005740       0xb0 ./Drivers/STM32F4xx_HAL_Driver/Src/stm32f4xx_hal_dma.o
                0x0000000008005740                HAL_DMA_Start_IT
 .text.HAL_DMA_IRQHandler
                0x00000000080057f0      0x314 ./Drivers/STM32F4xx_HAL_Driver/Src/stm32f4xx_hal_dma.o
                0x00000000080057f0                HAL_DMA_IRQHandler
 .text.DMA_SetConfig
                0x0000000008005b04       0x5c ./Drivers/STM32F4xx_HAL_Driver/Src/stm32f4xx_hal_dma.o
 .text.DMA_CalcBaseAndBitshift
                0x0000000008005b60       0x6c ./Drivers/STM32F4xx_HAL_Driver/Src/stm32f4xx_hal_dma.o
 .text.DMA_CheckFifoParam
                0x0000000008005bcc       0xf8 ./Drivers/STM32F4xx_HAL_Driver/Src/stm32f4xx_hal_dma.o
 .text.HAL_GPIO_Init
                0x0000000008005cc4      0x338 ./Drivers/STM32F4xx_HAL_Driver/Src/stm32f4xx_hal_gpio.o
                0x0000000008005cc4                HAL_GPIO_Init
 .text.HAL_GPIO_ReadPin
                0x0000000008005ffc       0x30 ./Drivers/STM32F4xx_HAL_Driver/Src/stm32f4xx_hal_gpio.o
                0x0000000008005ffc                HAL_GPIO_ReadPin
 .text.HAL_GPIO_WritePin
                0x000000000800602c       0x32 ./Drivers/STM32F4xx_HAL_Driver/Src/stm32f4xx_hal_gpio.o
                0x000000000800602c                HAL_GPIO_WritePin
 *fill*         0x000000000800605e        0x2 
 .text.HAL_RCC_OscConfig
                0x0000000008006060      0x4f0 ./Drivers/STM32F4xx_HAL_Driver/Src/stm32f4xx_hal_rcc.o
                0x0000000008006060                HAL_RCC_OscConfig
 .text.HAL_RCC_ClockConfig
                0x0000000008006550      0x1cc ./Drivers/STM32F4xx_HAL_Driver/Src/stm32f4xx_hal_rcc.o
                0x0000000008006550                HAL_RCC_ClockConfig
 .text.HAL_RCC_GetSysClockFreq
                0x000000000800671c      0x20c ./Drivers/STM32F4xx_HAL_Driver/Src/stm32f4xx_hal_rcc.o
                0x000000000800671c                HAL_RCC_GetSysClockFreq
 .text.HAL_SPI_Init
                0x0000000008006928      0x112 ./Drivers/STM32F4xx_HAL_Driver/Src/stm32f4xx_hal_spi.o
                0x0000000008006928                HAL_SPI_Init
 .text.HAL_SPI_Transmit
                0x0000000008006a3a      0x278 ./Drivers/STM32F4xx_HAL_Driver/Src/stm32f4xx_hal_spi.o
                0x0000000008006a3a                HAL_SPI_Transmit
 .text.HAL_SPI_Receive
                0x0000000008006cb2      0x222 ./Drivers/STM32F4xx_HAL_Driver/Src/stm32f4xx_hal_spi.o
                0x0000000008006cb2                HAL_SPI_Receive
 .text.HAL_SPI_TransmitReceive
                0x0000000008006ed4      0x344 ./Drivers/STM32F4xx_HAL_Driver/Src/stm32f4xx_hal_spi.o
                0x0000000008006ed4                HAL_SPI_TransmitReceive
 .text.HAL_SPI_Transmit_DMA
                0x0000000008007218      0x16c ./Drivers/STM32F4xx_HAL_Driver/Src/stm32f4xx_hal_spi.o
                0x0000000008007218                HAL_SPI_Transmit_DMA
 .text.HAL_SPI_Receive_DMA
                0x0000000008007384      0x190 ./Drivers/STM32F4xx_HAL_Driver/Src/stm32f4xx_hal_spi.o
                0x0000000008007384                HAL_SPI_Receive_DMA
 .text.HAL_SPI_TransmitReceive_DMA
                0x0000000008007514      0x204 ./Drivers/STM32F4xx_HAL_Driver/Src/stm32f4xx_hal_spi.o
                0x0000000008007514                HAL_SPI_TransmitReceive_DMA
 .text.HAL_SPI_TxRxCpltCallback
                0x0000000008007718       0x14 ./Drivers/STM32F4xx_HAL_Driver/Src/stm32f4xx_hal_spi.o
                0x0000000008007718                HAL_SPI_TxRxCpltCallback
 .text.HAL_SPI_TxHalfCpltCallback
                0x000000000800772c       0x14 ./Drivers/STM32F4xx_HAL_Driver/Src/stm32f4xx_hal_spi.o
                0x000000000800772c                HAL_SPI_TxHalfCpltCallback
 .text.HAL_SPI_RxHalfCpltCallback
                0x0000000008007740       0x14 ./Drivers/STM32F4xx_HAL_Driver/Src/stm32f4xx_hal_spi.o
                0x0000000008007740                HAL_SPI_RxHalfCpltCallback
 .text.HAL_SPI_TxRxHalfCpltCallback
                0x0000000008007754       0x14 ./Drivers/STM32F4xx_HAL_Driver/Src/stm32f4xx_hal_spi.o
                0x0000000008007754                HAL_SPI_TxRxHalfCpltCallback
 .text.HAL_SPI_ErrorCallback
                0x0000000008007768       0x14 ./Drivers/STM32F4xx_HAL_Driver/Src/stm32f4xx_hal_spi.o
                0x0000000008007768                HAL_SPI_ErrorCallback
 .text.SPI_DMATransmitCplt
                0x000000000800777c       0xa8 ./Drivers/STM32F4xx_HAL_Driver/Src/stm32f4xx_hal_spi.o
 .text.SPI_DMAReceiveCplt
                0x0000000008007824       0xa8 ./Drivers/STM32F4xx_HAL_Driver/Src/stm32f4xx_hal_spi.o
 .text.SPI_DMATransmitReceiveCplt
                0x00000000080078cc       0x90 ./Drivers/STM32F4xx_HAL_Driver/Src/stm32f4xx_hal_spi.o
 .text.SPI_DMAHalfTransmitCplt
                0x000000000800795c       0x1c ./Drivers/STM32F4xx_HAL_Driver/Src/stm32f4xx_hal_spi.o
 .text.SPI_DMAHalfReceiveCplt
                0x0000000008007978       0x1c ./Drivers/STM32F4xx_HAL_Driver/Src/stm32f4xx_hal_spi.o
 .text.SPI_DMAHalfTransmitReceiveCplt
                0x0000000008007994       0x1c ./Drivers/STM32F4xx_HAL_Driver/Src/stm32f4xx_hal_spi.o
 .text.SPI_DMAError
                0x00000000080079b0       0x40 ./Drivers/STM32F4xx_HAL_Driver/Src/stm32f4xx_hal_spi.o
 .text.SPI_WaitFlagStateUntilTimeout
                0x00000000080079f0      0x110 ./Drivers/STM32F4xx_HAL_Driver/Src/stm32f4xx_hal_spi.o
 .text.SPI_EndRxTransaction
                0x0000000008007b00       0xca ./Drivers/STM32F4xx_HAL_Driver/Src/stm32f4xx_hal_spi.o
 *fill*         0x0000000008007bca        0x2 
 .text.SPI_EndRxTxTransaction
                0x0000000008007bcc       0x84 ./Drivers/STM32F4xx_HAL_Driver/Src/stm32f4xx_hal_spi.o
 .text.HAL_SRAM_Init
                0x0000000008007c50       0x90 ./Drivers/STM32F4xx_HAL_Driver/Src/stm32f4xx_hal_sram.o
                0x0000000008007c50                HAL_SRAM_Init
 .text.FSMC_NORSRAM_Init
                0x0000000008007ce0       0xd4 ./Drivers/STM32F4xx_HAL_Driver/Src/stm32f4xx_ll_fsmc.o
                0x0000000008007ce0                FSMC_NORSRAM_Init
 .text.FSMC_NORSRAM_Timing_Init
                0x0000000008007db4       0x6a ./Drivers/STM32F4xx_HAL_Driver/Src/stm32f4xx_ll_fsmc.o
                0x0000000008007db4                FSMC_NORSRAM_Timing_Init
 *fill*         0x0000000008007e1e        0x2 
 .text.FSMC_NORSRAM_Extended_Timing_Init
                0x0000000008007e20       0x70 ./Drivers/STM32F4xx_HAL_Driver/Src/stm32f4xx_ll_fsmc.o
                0x0000000008007e20                FSMC_NORSRAM_Extended_Timing_Init
 .text.__errno  0x0000000008007e90        0xc c:/program files/stmicroelectronics/stm32cube/stm32cubeide_1.10.1/stm32cubeide/plugins/com.st.stm32cube.ide.mcu.externaltools.gnu-tools-for-stm32.10.3-2021.10.win32_1.0.0.202111181127/tools/bin/../lib/gcc/arm-none-eabi/10.3.1/../../../../arm-none-eabi/lib/thumb/v7e-m+fp/hard\libc_nano.a(lib_a-errno.o)
                0x0000000008007e90                __errno
 .text.__libc_init_array
                0x0000000008007e9c       0x48 c:/program files/stmicroelectronics/stm32cube/stm32cubeide_1.10.1/stm32cubeide/plugins/com.st.stm32cube.ide.mcu.externaltools.gnu-tools-for-stm32.10.3-2021.10.win32_1.0.0.202111181127/tools/bin/../lib/gcc/arm-none-eabi/10.3.1/../../../../arm-none-eabi/lib/thumb/v7e-m+fp/hard\libc_nano.a(lib_a-init.o)
                0x0000000008007e9c                __libc_init_array
 .text.memset   0x0000000008007ee4       0x10 c:/program files/stmicroelectronics/stm32cube/stm32cubeide_1.10.1/stm32cubeide/plugins/com.st.stm32cube.ide.mcu.externaltools.gnu-tools-for-stm32.10.3-2021.10.win32_1.0.0.202111181127/tools/bin/../lib/gcc/arm-none-eabi/10.3.1/../../../../arm-none-eabi/lib/thumb/v7e-m+fp/hard\libc_nano.a(lib_a-memset.o)
                0x0000000008007ee4                memset
 .text.__cvt    0x0000000008007ef4       0xc4 c:/program files/stmicroelectronics/stm32cube/stm32cubeide_1.10.1/stm32cubeide/plugins/com.st.stm32cube.ide.mcu.externaltools.gnu-tools-for-stm32.10.3-2021.10.win32_1.0.0.202111181127/tools/bin/../lib/gcc/arm-none-eabi/10.3.1/../../../../arm-none-eabi/lib/thumb/v7e-m+fp/hard\libc_nano.a(lib_a-nano-vfprintf_float.o)
                0x0000000008007ef4                __cvt
 .text.__exponent
                0x0000000008007fb8       0x7c c:/program files/stmicroelectronics/stm32cube/stm32cubeide_1.10.1/stm32cubeide/plugins/com.st.stm32cube.ide.mcu.externaltools.gnu-tools-for-stm32.10.3-2021.10.win32_1.0.0.202111181127/tools/bin/../lib/gcc/arm-none-eabi/10.3.1/../../../../arm-none-eabi/lib/thumb/v7e-m+fp/hard\libc_nano.a(lib_a-nano-vfprintf_float.o)
                0x0000000008007fb8                __exponent
 .text._printf_float
                0x0000000008008034      0x46c c:/program files/stmicroelectronics/stm32cube/stm32cubeide_1.10.1/stm32cubeide/plugins/com.st.stm32cube.ide.mcu.externaltools.gnu-tools-for-stm32.10.3-2021.10.win32_1.0.0.202111181127/tools/bin/../lib/gcc/arm-none-eabi/10.3.1/../../../../arm-none-eabi/lib/thumb/v7e-m+fp/hard\libc_nano.a(lib_a-nano-vfprintf_float.o)
                0x0000000008008034                _printf_float
 .text._printf_common
                0x00000000080084a0       0xda c:/program files/stmicroelectronics/stm32cube/stm32cubeide_1.10.1/stm32cubeide/plugins/com.st.stm32cube.ide.mcu.externaltools.gnu-tools-for-stm32.10.3-2021.10.win32_1.0.0.202111181127/tools/bin/../lib/gcc/arm-none-eabi/10.3.1/../../../../arm-none-eabi/lib/thumb/v7e-m+fp/hard\libc_nano.a(lib_a-nano-vfprintf_i.o)
                0x00000000080084a0                _printf_common
 *fill*         0x000000000800857a        0x2 
 .text._printf_i
                0x000000000800857c      0x24c c:/program files/stmicroelectronics/stm32cube/stm32cubeide_1.10.1/stm32cubeide/plugins/com.st.stm32cube.ide.mcu.externaltools.gnu-tools-for-stm32.10.3-2021.10.win32_1.0.0.202111181127/tools/bin/../lib/gcc/arm-none-eabi/10.3.1/../../../../arm-none-eabi/lib/thumb/v7e-m+fp/hard\libc_nano.a(lib_a-nano-vfprintf_i.o)
                0x000000000800857c                _printf_i
 .text.sprintf  0x00000000080087c8       0x40 c:/program files/stmicroelectronics/stm32cube/stm32cubeide_1.10.1/stm32cubeide/plugins/com.st.stm32cube.ide.mcu.externaltools.gnu-tools-for-stm32.10.3-2021.10.win32_1.0.0.202111181127/tools/bin/../lib/gcc/arm-none-eabi/10.3.1/../../../../arm-none-eabi/lib/thumb/v7e-m+fp/hard\libc_nano.a(lib_a-sprintf.o)
                0x00000000080087c8                siprintf
                0x00000000080087c8                sprintf
 .text.quorem   0x0000000008008808      0x116 c:/program files/stmicroelectronics/stm32cube/stm32cubeide_1.10.1/stm32cubeide/plugins/com.st.stm32cube.ide.mcu.externaltools.gnu-tools-for-stm32.10.3-2021.10.win32_1.0.0.202111181127/tools/bin/../lib/gcc/arm-none-eabi/10.3.1/../../../../arm-none-eabi/lib/thumb/v7e-m+fp/hard\libc_nano.a(lib_a-dtoa.o)
 *fill*         0x000000000800891e        0x2 
 .text._dtoa_r  0x0000000008008920      0xbdc c:/program files/stmicroelectronics/stm32cube/stm32cubeide_1.10.1/stm32cubeide/plugins/com.st.stm32cube.ide.mcu.externaltools.gnu-tools-for-stm32.10.3-2021.10.win32_1.0.0.202111181127/tools/bin/../lib/gcc/arm-none-eabi/10.3.1/../../../../arm-none-eabi/lib/thumb/v7e-m+fp/hard\libc_nano.a(lib_a-dtoa.o)
                0x0000000008008920                _dtoa_r
 .text._localeconv_r
                0x00000000080094fc        0x8 c:/program files/stmicroelectronics/stm32cube/stm32cubeide_1.10.1/stm32cubeide/plugins/com.st.stm32cube.ide.mcu.externaltools.gnu-tools-for-stm32.10.3-2021.10.win32_1.0.0.202111181127/tools/bin/../lib/gcc/arm-none-eabi/10.3.1/../../../../arm-none-eabi/lib/thumb/v7e-m+fp/hard\libc_nano.a(lib_a-localeconv.o)
                0x00000000080094fc                _localeconv_r
 .text.malloc   0x0000000008009504       0x10 c:/program files/stmicroelectronics/stm32cube/stm32cubeide_1.10.1/stm32cubeide/plugins/com.st.stm32cube.ide.mcu.externaltools.gnu-tools-for-stm32.10.3-2021.10.win32_1.0.0.202111181127/tools/bin/../lib/gcc/arm-none-eabi/10.3.1/../../../../arm-none-eabi/lib/thumb/v7e-m+fp/hard\libc_nano.a(lib_a-malloc.o)
                0x0000000008009504                malloc
 .text.memcpy   0x0000000008009514       0x1c c:/program files/stmicroelectronics/stm32cube/stm32cubeide_1.10.1/stm32cubeide/plugins/com.st.stm32cube.ide.mcu.externaltools.gnu-tools-for-stm32.10.3-2021.10.win32_1.0.0.202111181127/tools/bin/../lib/gcc/arm-none-eabi/10.3.1/../../../../arm-none-eabi/lib/thumb/v7e-m+fp/hard\libc_nano.a(lib_a-memcpy-stub.o)
                0x0000000008009514                memcpy
 .text._Balloc  0x0000000008009530       0x80 c:/program files/stmicroelectronics/stm32cube/stm32cubeide_1.10.1/stm32cubeide/plugins/com.st.stm32cube.ide.mcu.externaltools.gnu-tools-for-stm32.10.3-2021.10.win32_1.0.0.202111181127/tools/bin/../lib/gcc/arm-none-eabi/10.3.1/../../../../arm-none-eabi/lib/thumb/v7e-m+fp/hard\libc_nano.a(lib_a-mprec.o)
                0x0000000008009530                _Balloc
 .text._Bfree   0x00000000080095b0       0x44 c:/program files/stmicroelectronics/stm32cube/stm32cubeide_1.10.1/stm32cubeide/plugins/com.st.stm32cube.ide.mcu.externaltools.gnu-tools-for-stm32.10.3-2021.10.win32_1.0.0.202111181127/tools/bin/../lib/gcc/arm-none-eabi/10.3.1/../../../../arm-none-eabi/lib/thumb/v7e-m+fp/hard\libc_nano.a(lib_a-mprec.o)
                0x00000000080095b0                _Bfree
 .text.__multadd
                0x00000000080095f4       0x8c c:/program files/stmicroelectronics/stm32cube/stm32cubeide_1.10.1/stm32cubeide/plugins/com.st.stm32cube.ide.mcu.externaltools.gnu-tools-for-stm32.10.3-2021.10.win32_1.0.0.202111181127/tools/bin/../lib/gcc/arm-none-eabi/10.3.1/../../../../arm-none-eabi/lib/thumb/v7e-m+fp/hard\libc_nano.a(lib_a-mprec.o)
                0x00000000080095f4                __multadd
 .text.__hi0bits
                0x0000000008009680       0x40 c:/program files/stmicroelectronics/stm32cube/stm32cubeide_1.10.1/stm32cubeide/plugins/com.st.stm32cube.ide.mcu.externaltools.gnu-tools-for-stm32.10.3-2021.10.win32_1.0.0.202111181127/tools/bin/../lib/gcc/arm-none-eabi/10.3.1/../../../../arm-none-eabi/lib/thumb/v7e-m+fp/hard\libc_nano.a(lib_a-mprec.o)
                0x0000000008009680                __hi0bits
 .text.__lo0bits
                0x00000000080096c0       0x5e c:/program files/stmicroelectronics/stm32cube/stm32cubeide_1.10.1/stm32cubeide/plugins/com.st.stm32cube.ide.mcu.externaltools.gnu-tools-for-stm32.10.3-2021.10.win32_1.0.0.202111181127/tools/bin/../lib/gcc/arm-none-eabi/10.3.1/../../../../arm-none-eabi/lib/thumb/v7e-m+fp/hard\libc_nano.a(lib_a-mprec.o)
                0x00000000080096c0                __lo0bits
 *fill*         0x000000000800971e        0x2 
 .text.__i2b    0x0000000008009720       0x2c c:/program files/stmicroelectronics/stm32cube/stm32cubeide_1.10.1/stm32cubeide/plugins/com.st.stm32cube.ide.mcu.externaltools.gnu-tools-for-stm32.10.3-2021.10.win32_1.0.0.202111181127/tools/bin/../lib/gcc/arm-none-eabi/10.3.1/../../../../arm-none-eabi/lib/thumb/v7e-m+fp/hard\libc_nano.a(lib_a-mprec.o)
                0x0000000008009720                __i2b
 .text.__multiply
                0x000000000800974c      0x154 c:/program files/stmicroelectronics/stm32cube/stm32cubeide_1.10.1/stm32cubeide/plugins/com.st.stm32cube.ide.mcu.externaltools.gnu-tools-for-stm32.10.3-2021.10.win32_1.0.0.202111181127/tools/bin/../lib/gcc/arm-none-eabi/10.3.1/../../../../arm-none-eabi/lib/thumb/v7e-m+fp/hard\libc_nano.a(lib_a-mprec.o)
                0x000000000800974c                __multiply
 .text.__pow5mult
                0x00000000080098a0       0xb4 c:/program files/stmicroelectronics/stm32cube/stm32cubeide_1.10.1/stm32cubeide/plugins/com.st.stm32cube.ide.mcu.externaltools.gnu-tools-for-stm32.10.3-2021.10.win32_1.0.0.202111181127/tools/bin/../lib/gcc/arm-none-eabi/10.3.1/../../../../arm-none-eabi/lib/thumb/v7e-m+fp/hard\libc_nano.a(lib_a-mprec.o)
                0x00000000080098a0                __pow5mult
 .text.__lshift
                0x0000000008009954       0xe0 c:/program files/stmicroelectronics/stm32cube/stm32cubeide_1.10.1/stm32cubeide/plugins/com.st.stm32cube.ide.mcu.externaltools.gnu-tools-for-stm32.10.3-2021.10.win32_1.0.0.202111181127/tools/bin/../lib/gcc/arm-none-eabi/10.3.1/../../../../arm-none-eabi/lib/thumb/v7e-m+fp/hard\libc_nano.a(lib_a-mprec.o)
                0x0000000008009954                __lshift
 .text.__mcmp   0x0000000008009a34       0x38 c:/program files/stmicroelectronics/stm32cube/stm32cubeide_1.10.1/stm32cubeide/plugins/com.st.stm32cube.ide.mcu.externaltools.gnu-tools-for-stm32.10.3-2021.10.win32_1.0.0.202111181127/tools/bin/../lib/gcc/arm-none-eabi/10.3.1/../../../../arm-none-eabi/lib/thumb/v7e-m+fp/hard\libc_nano.a(lib_a-mprec.o)
                0x0000000008009a34                __mcmp
 .text.__mdiff  0x0000000008009a6c      0x114 c:/program files/stmicroelectronics/stm32cube/stm32cubeide_1.10.1/stm32cubeide/plugins/com.st.stm32cube.ide.mcu.externaltools.gnu-tools-for-stm32.10.3-2021.10.win32_1.0.0.202111181127/tools/bin/../lib/gcc/arm-none-eabi/10.3.1/../../../../arm-none-eabi/lib/thumb/v7e-m+fp/hard\libc_nano.a(lib_a-mprec.o)
                0x0000000008009a6c                __mdiff
 .text.__d2b    0x0000000008009b80       0xb8 c:/program files/stmicroelectronics/stm32cube/stm32cubeide_1.10.1/stm32cubeide/plugins/com.st.stm32cube.ide.mcu.externaltools.gnu-tools-for-stm32.10.3-2021.10.win32_1.0.0.202111181127/tools/bin/../lib/gcc/arm-none-eabi/10.3.1/../../../../arm-none-eabi/lib/thumb/v7e-m+fp/hard\libc_nano.a(lib_a-mprec.o)
                0x0000000008009b80                __d2b
 .text._calloc_r
                0x0000000008009c38       0x2c c:/program files/stmicroelectronics/stm32cube/stm32cubeide_1.10.1/stm32cubeide/plugins/com.st.stm32cube.ide.mcu.externaltools.gnu-tools-for-stm32.10.3-2021.10.win32_1.0.0.202111181127/tools/bin/../lib/gcc/arm-none-eabi/10.3.1/../../../../arm-none-eabi/lib/thumb/v7e-m+fp/hard\libc_nano.a(lib_a-nano-callocr.o)
                0x0000000008009c38                _calloc_r
 .text._free_r  0x0000000008009c64       0x98 c:/program files/stmicroelectronics/stm32cube/stm32cubeide_1.10.1/stm32cubeide/plugins/com.st.stm32cube.ide.mcu.externaltools.gnu-tools-for-stm32.10.3-2021.10.win32_1.0.0.202111181127/tools/bin/../lib/gcc/arm-none-eabi/10.3.1/../../../../arm-none-eabi/lib/thumb/v7e-m+fp/hard\libc_nano.a(lib_a-nano-freer.o)
                0x0000000008009c64                _free_r
 .text.sbrk_aligned
                0x0000000008009cfc       0x40 c:/program files/stmicroelectronics/stm32cube/stm32cubeide_1.10.1/stm32cubeide/plugins/com.st.stm32cube.ide.mcu.externaltools.gnu-tools-for-stm32.10.3-2021.10.win32_1.0.0.202111181127/tools/bin/../lib/gcc/arm-none-eabi/10.3.1/../../../../arm-none-eabi/lib/thumb/v7e-m+fp/hard\libc_nano.a(lib_a-nano-mallocr.o)
 .text._malloc_r
                0x0000000008009d3c       0xe8 c:/program files/stmicroelectronics/stm32cube/stm32cubeide_1.10.1/stm32cubeide/plugins/com.st.stm32cube.ide.mcu.externaltools.gnu-tools-for-stm32.10.3-2021.10.win32_1.0.0.202111181127/tools/bin/../lib/gcc/arm-none-eabi/10.3.1/../../../../arm-none-eabi/lib/thumb/v7e-m+fp/hard\libc_nano.a(lib_a-nano-mallocr.o)
                0x0000000008009d3c                _malloc_r
 .text.__ssputs_r
                0x0000000008009e24       0xb6 c:/program files/stmicroelectronics/stm32cube/stm32cubeide_1.10.1/stm32cubeide/plugins/com.st.stm32cube.ide.mcu.externaltools.gnu-tools-for-stm32.10.3-2021.10.win32_1.0.0.202111181127/tools/bin/../lib/gcc/arm-none-eabi/10.3.1/../../../../arm-none-eabi/lib/thumb/v7e-m+fp/hard\libc_nano.a(lib_a-nano-svfprintf.o)
                0x0000000008009e24                __ssputs_r
 *fill*         0x0000000008009eda        0x2 
 .text._svfprintf_r
                0x0000000008009edc      0x200 c:/program files/stmicroelectronics/stm32cube/stm32cubeide_1.10.1/stm32cubeide/plugins/com.st.stm32cube.ide.mcu.externaltools.gnu-tools-for-stm32.10.3-2021.10.win32_1.0.0.202111181127/tools/bin/../lib/gcc/arm-none-eabi/10.3.1/../../../../arm-none-eabi/lib/thumb/v7e-m+fp/hard\libc_nano.a(lib_a-nano-svfprintf.o)
                0x0000000008009edc                _svfiprintf_r
                0x0000000008009edc                _svfprintf_r
 .text._sbrk_r  0x000000000800a0dc       0x20 c:/program files/stmicroelectronics/stm32cube/stm32cubeide_1.10.1/stm32cubeide/plugins/com.st.stm32cube.ide.mcu.externaltools.gnu-tools-for-stm32.10.3-2021.10.win32_1.0.0.202111181127/tools/bin/../lib/gcc/arm-none-eabi/10.3.1/../../../../arm-none-eabi/lib/thumb/v7e-m+fp/hard\libc_nano.a(lib_a-sbrkr.o)
                0x000000000800a0dc                _sbrk_r
 .text.__assert_func
                0x000000000800a0fc       0x3c c:/program files/stmicroelectronics/stm32cube/stm32cubeide_1.10.1/stm32cubeide/plugins/com.st.stm32cube.ide.mcu.externaltools.gnu-tools-for-stm32.10.3-2021.10.win32_1.0.0.202111181127/tools/bin/../lib/gcc/arm-none-eabi/10.3.1/../../../../arm-none-eabi/lib/thumb/v7e-m+fp/hard\libc_nano.a(lib_a-assert.o)
                0x000000000800a0fc                __assert_func
 .text.fprintf  0x000000000800a138       0x24 c:/program files/stmicroelectronics/stm32cube/stm32cubeide_1.10.1/stm32cubeide/plugins/com.st.stm32cube.ide.mcu.externaltools.gnu-tools-for-stm32.10.3-2021.10.win32_1.0.0.202111181127/tools/bin/../lib/gcc/arm-none-eabi/10.3.1/../../../../arm-none-eabi/lib/thumb/v7e-m+fp/hard\libc_nano.a(lib_a-fprintf.o)
                0x000000000800a138                fiprintf
                0x000000000800a138                fprintf
 .text.__ascii_mbtowc
                0x000000000800a15c       0x24 c:/program files/stmicroelectronics/stm32cube/stm32cubeide_1.10.1/stm32cubeide/plugins/com.st.stm32cube.ide.mcu.externaltools.gnu-tools-for-stm32.10.3-2021.10.win32_1.0.0.202111181127/tools/bin/../lib/gcc/arm-none-eabi/10.3.1/../../../../arm-none-eabi/lib/thumb/v7e-m+fp/hard\libc_nano.a(lib_a-mbtowc_r.o)
                0x000000000800a15c                __ascii_mbtowc
 .text.memmove  0x000000000800a180       0x34 c:/program files/stmicroelectronics/stm32cube/stm32cubeide_1.10.1/stm32cubeide/plugins/com.st.stm32cube.ide.mcu.externaltools.gnu-tools-for-stm32.10.3-2021.10.win32_1.0.0.202111181127/tools/bin/../lib/gcc/arm-none-eabi/10.3.1/../../../../arm-none-eabi/lib/thumb/v7e-m+fp/hard\libc_nano.a(lib_a-memmove.o)
                0x000000000800a180                memmove
 .text.__malloc_lock
                0x000000000800a1b4        0xc c:/program files/stmicroelectronics/stm32cube/stm32cubeide_1.10.1/stm32cubeide/plugins/com.st.stm32cube.ide.mcu.externaltools.gnu-tools-for-stm32.10.3-2021.10.win32_1.0.0.202111181127/tools/bin/../lib/gcc/arm-none-eabi/10.3.1/../../../../arm-none-eabi/lib/thumb/v7e-m+fp/hard\libc_nano.a(lib_a-mlock.o)
                0x000000000800a1b4                __malloc_lock
 .text.__malloc_unlock
                0x000000000800a1c0        0xc c:/program files/stmicroelectronics/stm32cube/stm32cubeide_1.10.1/stm32cubeide/plugins/com.st.stm32cube.ide.mcu.externaltools.gnu-tools-for-stm32.10.3-2021.10.win32_1.0.0.202111181127/tools/bin/../lib/gcc/arm-none-eabi/10.3.1/../../../../arm-none-eabi/lib/thumb/v7e-m+fp/hard\libc_nano.a(lib_a-mlock.o)
                0x000000000800a1c0                __malloc_unlock
 .text._realloc_r
                0x000000000800a1cc       0x5e c:/program files/stmicroelectronics/stm32cube/stm32cubeide_1.10.1/stm32cubeide/plugins/com.st.stm32cube.ide.mcu.externaltools.gnu-tools-for-stm32.10.3-2021.10.win32_1.0.0.202111181127/tools/bin/../lib/gcc/arm-none-eabi/10.3.1/../../../../arm-none-eabi/lib/thumb/v7e-m+fp/hard\libc_nano.a(lib_a-nano-reallocr.o)
                0x000000000800a1cc                _realloc_r
 .text.__sfputc_r
                0x000000000800a22a       0x2e c:/program files/stmicroelectronics/stm32cube/stm32cubeide_1.10.1/stm32cubeide/plugins/com.st.stm32cube.ide.mcu.externaltools.gnu-tools-for-stm32.10.3-2021.10.win32_1.0.0.202111181127/tools/bin/../lib/gcc/arm-none-eabi/10.3.1/../../../../arm-none-eabi/lib/thumb/v7e-m+fp/hard\libc_nano.a(lib_a-nano-vfprintf.o)
 .text.__sfputs_r
                0x000000000800a258       0x24 c:/program files/stmicroelectronics/stm32cube/stm32cubeide_1.10.1/stm32cubeide/plugins/com.st.stm32cube.ide.mcu.externaltools.gnu-tools-for-stm32.10.3-2021.10.win32_1.0.0.202111181127/tools/bin/../lib/gcc/arm-none-eabi/10.3.1/../../../../arm-none-eabi/lib/thumb/v7e-m+fp/hard\libc_nano.a(lib_a-nano-vfprintf.o)
                0x000000000800a258                __sfputs_r
 .text._vfprintf_r
                0x000000000800a27c      0x260 c:/program files/stmicroelectronics/stm32cube/stm32cubeide_1.10.1/stm32cubeide/plugins/com.st.stm32cube.ide.mcu.externaltools.gnu-tools-for-stm32.10.3-2021.10.win32_1.0.0.202111181127/tools/bin/../lib/gcc/arm-none-eabi/10.3.1/../../../../arm-none-eabi/lib/thumb/v7e-m+fp/hard\libc_nano.a(lib_a-nano-vfprintf.o)
                0x000000000800a27c                _vfprintf_r
                0x000000000800a27c                _vfiprintf_r
 .text.__swbuf_r
                0x000000000800a4dc       0xa4 c:/program files/stmicroelectronics/stm32cube/stm32cubeide_1.10.1/stm32cubeide/plugins/com.st.stm32cube.ide.mcu.externaltools.gnu-tools-for-stm32.10.3-2021.10.win32_1.0.0.202111181127/tools/bin/../lib/gcc/arm-none-eabi/10.3.1/../../../../arm-none-eabi/lib/thumb/v7e-m+fp/hard\libc_nano.a(lib_a-wbuf.o)
                0x000000000800a4dc                __swbuf_r
 .text.__ascii_wctomb
                0x000000000800a580       0x1a c:/program files/stmicroelectronics/stm32cube/stm32cubeide_1.10.1/stm32cubeide/plugins/com.st.stm32cube.ide.mcu.externaltools.gnu-tools-for-stm32.10.3-2021.10.win32_1.0.0.202111181127/tools/bin/../lib/gcc/arm-none-eabi/10.3.1/../../../../arm-none-eabi/lib/thumb/v7e-m+fp/hard\libc_nano.a(lib_a-wctomb_r.o)
                0x000000000800a580                __ascii_wctomb
 *fill*         0x000000000800a59a        0x2 
 .text.__swsetup_r
                0x000000000800a59c       0xdc c:/program files/stmicroelectronics/stm32cube/stm32cubeide_1.10.1/stm32cubeide/plugins/com.st.stm32cube.ide.mcu.externaltools.gnu-tools-for-stm32.10.3-2021.10.win32_1.0.0.202111181127/tools/bin/../lib/gcc/arm-none-eabi/10.3.1/../../../../arm-none-eabi/lib/thumb/v7e-m+fp/hard\libc_nano.a(lib_a-wsetup.o)
                0x000000000800a59c                __swsetup_r
 .text.abort    0x000000000800a678        0xe c:/program files/stmicroelectronics/stm32cube/stm32cubeide_1.10.1/stm32cubeide/plugins/com.st.stm32cube.ide.mcu.externaltools.gnu-tools-for-stm32.10.3-2021.10.win32_1.0.0.202111181127/tools/bin/../lib/gcc/arm-none-eabi/10.3.1/../../../../arm-none-eabi/lib/thumb/v7e-m+fp/hard\libc_nano.a(lib_a-abort.o)
                0x000000000800a678                abort
 *fill*         0x000000000800a686        0x2 
 .text.__sflush_r
                0x000000000800a688      0x10c c:/program files/stmicroelectronics/stm32cube/stm32cubeide_1.10.1/stm32cubeide/plugins/com.st.stm32cube.ide.mcu.externaltools.gnu-tools-for-stm32.10.3-2021.10.win32_1.0.0.202111181127/tools/bin/../lib/gcc/arm-none-eabi/10.3.1/../../../../arm-none-eabi/lib/thumb/v7e-m+fp/hard\libc_nano.a(lib_a-fflush.o)
                0x000000000800a688                __sflush_r
 .text._fflush_r
                0x000000000800a794       0x78 c:/program files/stmicroelectronics/stm32cube/stm32cubeide_1.10.1/stm32cubeide/plugins/com.st.stm32cube.ide.mcu.externaltools.gnu-tools-for-stm32.10.3-2021.10.win32_1.0.0.202111181127/tools/bin/../lib/gcc/arm-none-eabi/10.3.1/../../../../arm-none-eabi/lib/thumb/v7e-m+fp/hard\libc_nano.a(lib_a-fflush.o)
                0x000000000800a794                _fflush_r
 .text.std      0x000000000800a80c       0x48 c:/program files/stmicroelectronics/stm32cube/stm32cubeide_1.10.1/stm32cubeide/plugins/com.st.stm32cube.ide.mcu.externaltools.gnu-tools-for-stm32.10.3-2021.10.win32_1.0.0.202111181127/tools/bin/../lib/gcc/arm-none-eabi/10.3.1/../../../../arm-none-eabi/lib/thumb/v7e-m+fp/hard\libc_nano.a(lib_a-findfp.o)
 .text._cleanup_r
                0x000000000800a854        0xc c:/program files/stmicroelectronics/stm32cube/stm32cubeide_1.10.1/stm32cubeide/plugins/com.st.stm32cube.ide.mcu.externaltools.gnu-tools-for-stm32.10.3-2021.10.win32_1.0.0.202111181127/tools/bin/../lib/gcc/arm-none-eabi/10.3.1/../../../../arm-none-eabi/lib/thumb/v7e-m+fp/hard\libc_nano.a(lib_a-findfp.o)
                0x000000000800a854                _cleanup_r
 .text.__sfmoreglue
                0x000000000800a860       0x2c c:/program files/stmicroelectronics/stm32cube/stm32cubeide_1.10.1/stm32cubeide/plugins/com.st.stm32cube.ide.mcu.externaltools.gnu-tools-for-stm32.10.3-2021.10.win32_1.0.0.202111181127/tools/bin/../lib/gcc/arm-none-eabi/10.3.1/../../../../arm-none-eabi/lib/thumb/v7e-m+fp/hard\libc_nano.a(lib_a-findfp.o)
                0x000000000800a860                __sfmoreglue
 .text.__sfp_lock_acquire
                0x000000000800a88c        0xc c:/program files/stmicroelectronics/stm32cube/stm32cubeide_1.10.1/stm32cubeide/plugins/com.st.stm32cube.ide.mcu.externaltools.gnu-tools-for-stm32.10.3-2021.10.win32_1.0.0.202111181127/tools/bin/../lib/gcc/arm-none-eabi/10.3.1/../../../../arm-none-eabi/lib/thumb/v7e-m+fp/hard\libc_nano.a(lib_a-findfp.o)
                0x000000000800a88c                __sfp_lock_acquire
 .text.__sfp_lock_release
                0x000000000800a898        0xc c:/program files/stmicroelectronics/stm32cube/stm32cubeide_1.10.1/stm32cubeide/plugins/com.st.stm32cube.ide.mcu.externaltools.gnu-tools-for-stm32.10.3-2021.10.win32_1.0.0.202111181127/tools/bin/../lib/gcc/arm-none-eabi/10.3.1/../../../../arm-none-eabi/lib/thumb/v7e-m+fp/hard\libc_nano.a(lib_a-findfp.o)
                0x000000000800a898                __sfp_lock_release
 .text.__sinit_lock_acquire
                0x000000000800a8a4        0xc c:/program files/stmicroelectronics/stm32cube/stm32cubeide_1.10.1/stm32cubeide/plugins/com.st.stm32cube.ide.mcu.externaltools.gnu-tools-for-stm32.10.3-2021.10.win32_1.0.0.202111181127/tools/bin/../lib/gcc/arm-none-eabi/10.3.1/../../../../arm-none-eabi/lib/thumb/v7e-m+fp/hard\libc_nano.a(lib_a-findfp.o)
                0x000000000800a8a4                __sinit_lock_acquire
 .text.__sinit_lock_release
                0x000000000800a8b0        0xc c:/program files/stmicroelectronics/stm32cube/stm32cubeide_1.10.1/stm32cubeide/plugins/com.st.stm32cube.ide.mcu.externaltools.gnu-tools-for-stm32.10.3-2021.10.win32_1.0.0.202111181127/tools/bin/../lib/gcc/arm-none-eabi/10.3.1/../../../../arm-none-eabi/lib/thumb/v7e-m+fp/hard\libc_nano.a(lib_a-findfp.o)
                0x000000000800a8b0                __sinit_lock_release
 .text.__sinit  0x000000000800a8bc       0x70 c:/program files/stmicroelectronics/stm32cube/stm32cubeide_1.10.1/stm32cubeide/plugins/com.st.stm32cube.ide.mcu.externaltools.gnu-tools-for-stm32.10.3-2021.10.win32_1.0.0.202111181127/tools/bin/../lib/gcc/arm-none-eabi/10.3.1/../../../../arm-none-eabi/lib/thumb/v7e-m+fp/hard\libc_nano.a(lib_a-findfp.o)
                0x000000000800a8bc                __sinit
 .text.__sfp    0x000000000800a92c       0x8c c:/program files/stmicroelectronics/stm32cube/stm32cubeide_1.10.1/stm32cubeide/plugins/com.st.stm32cube.ide.mcu.externaltools.gnu-tools-for-stm32.10.3-2021.10.win32_1.0.0.202111181127/tools/bin/../lib/gcc/arm-none-eabi/10.3.1/../../../../arm-none-eabi/lib/thumb/v7e-m+fp/hard\libc_nano.a(lib_a-findfp.o)
                0x000000000800a92c                __sfp
 .text._fwalk_reent
                0x000000000800a9b8       0x3e c:/program files/stmicroelectronics/stm32cube/stm32cubeide_1.10.1/stm32cubeide/plugins/com.st.stm32cube.ide.mcu.externaltools.gnu-tools-for-stm32.10.3-2021.10.win32_1.0.0.202111181127/tools/bin/../lib/gcc/arm-none-eabi/10.3.1/../../../../arm-none-eabi/lib/thumb/v7e-m+fp/hard\libc_nano.a(lib_a-fwalk.o)
                0x000000000800a9b8                _fwalk_reent
 .text.__retarget_lock_init_recursive
                0x000000000800a9f6        0x2 c:/program files/stmicroelectronics/stm32cube/stm32cubeide_1.10.1/stm32cubeide/plugins/com.st.stm32cube.ide.mcu.externaltools.gnu-tools-for-stm32.10.3-2021.10.win32_1.0.0.202111181127/tools/bin/../lib/gcc/arm-none-eabi/10.3.1/../../../../arm-none-eabi/lib/thumb/v7e-m+fp/hard\libc_nano.a(lib_a-lock.o)
                0x000000000800a9f6                __retarget_lock_init_recursive
 .text.__retarget_lock_acquire_recursive
                0x000000000800a9f8        0x2 c:/program files/stmicroelectronics/stm32cube/stm32cubeide_1.10.1/stm32cubeide/plugins/com.st.stm32cube.ide.mcu.externaltools.gnu-tools-for-stm32.10.3-2021.10.win32_1.0.0.202111181127/tools/bin/../lib/gcc/arm-none-eabi/10.3.1/../../../../arm-none-eabi/lib/thumb/v7e-m+fp/hard\libc_nano.a(lib_a-lock.o)
                0x000000000800a9f8                __retarget_lock_acquire_recursive
 .text.__retarget_lock_release_recursive
                0x000000000800a9fa        0x2 c:/program files/stmicroelectronics/stm32cube/stm32cubeide_1.10.1/stm32cubeide/plugins/com.st.stm32cube.ide.mcu.externaltools.gnu-tools-for-stm32.10.3-2021.10.win32_1.0.0.202111181127/tools/bin/../lib/gcc/arm-none-eabi/10.3.1/../../../../arm-none-eabi/lib/thumb/v7e-m+fp/hard\libc_nano.a(lib_a-lock.o)
                0x000000000800a9fa                __retarget_lock_release_recursive
 .text.__swhatbuf_r
                0x000000000800a9fc       0x4a c:/program files/stmicroelectronics/stm32cube/stm32cubeide_1.10.1/stm32cubeide/plugins/com.st.stm32cube.ide.mcu.externaltools.gnu-tools-for-stm32.10.3-2021.10.win32_1.0.0.202111181127/tools/bin/../lib/gcc/arm-none-eabi/10.3.1/../../../../arm-none-eabi/lib/thumb/v7e-m+fp/hard\libc_nano.a(lib_a-makebuf.o)
                0x000000000800a9fc                __swhatbuf_r
 *fill*         0x000000000800aa46        0x2 
 .text.__smakebuf_r
                0x000000000800aa48       0x80 c:/program files/stmicroelectronics/stm32cube/stm32cubeide_1.10.1/stm32cubeide/plugins/com.st.stm32cube.ide.mcu.externaltools.gnu-tools-for-stm32.10.3-2021.10.win32_1.0.0.202111181127/tools/bin/../lib/gcc/arm-none-eabi/10.3.1/../../../../arm-none-eabi/lib/thumb/v7e-m+fp/hard\libc_nano.a(lib_a-makebuf.o)
                0x000000000800aa48                __smakebuf_r
 .text._malloc_usable_size_r
                0x000000000800aac8       0x10 c:/program files/stmicroelectronics/stm32cube/stm32cubeide_1.10.1/stm32cubeide/plugins/com.st.stm32cube.ide.mcu.externaltools.gnu-tools-for-stm32.10.3-2021.10.win32_1.0.0.202111181127/tools/bin/../lib/gcc/arm-none-eabi/10.3.1/../../../../arm-none-eabi/lib/thumb/v7e-m+fp/hard\libc_nano.a(lib_a-nano-msizer.o)
                0x000000000800aac8                _malloc_usable_size_r
 .text._raise_r
                0x000000000800aad8       0x50 c:/program files/stmicroelectronics/stm32cube/stm32cubeide_1.10.1/stm32cubeide/plugins/com.st.stm32cube.ide.mcu.externaltools.gnu-tools-for-stm32.10.3-2021.10.win32_1.0.0.202111181127/tools/bin/../lib/gcc/arm-none-eabi/10.3.1/../../../../arm-none-eabi/lib/thumb/v7e-m+fp/hard\libc_nano.a(lib_a-signal.o)
                0x000000000800aad8                _raise_r
 .text.raise    0x000000000800ab28       0x10 c:/program files/stmicroelectronics/stm32cube/stm32cubeide_1.10.1/stm32cubeide/plugins/com.st.stm32cube.ide.mcu.externaltools.gnu-tools-for-stm32.10.3-2021.10.win32_1.0.0.202111181127/tools/bin/../lib/gcc/arm-none-eabi/10.3.1/../../../../arm-none-eabi/lib/thumb/v7e-m+fp/hard\libc_nano.a(lib_a-signal.o)
                0x000000000800ab28                raise
 .text._kill_r  0x000000000800ab38       0x24 c:/program files/stmicroelectronics/stm32cube/stm32cubeide_1.10.1/stm32cubeide/plugins/com.st.stm32cube.ide.mcu.externaltools.gnu-tools-for-stm32.10.3-2021.10.win32_1.0.0.202111181127/tools/bin/../lib/gcc/arm-none-eabi/10.3.1/../../../../arm-none-eabi/lib/thumb/v7e-m+fp/hard\libc_nano.a(lib_a-signalr.o)
                0x000000000800ab38                _kill_r
 .text._getpid_r
                0x000000000800ab5c        0x4 c:/program files/stmicroelectronics/stm32cube/stm32cubeide_1.10.1/stm32cubeide/plugins/com.st.stm32cube.ide.mcu.externaltools.gnu-tools-for-stm32.10.3-2021.10.win32_1.0.0.202111181127/tools/bin/../lib/gcc/arm-none-eabi/10.3.1/../../../../arm-none-eabi/lib/thumb/v7e-m+fp/hard\libc_nano.a(lib_a-signalr.o)
                0x000000000800ab5c                _getpid_r
 .text.__sread  0x000000000800ab60       0x22 c:/program files/stmicroelectronics/stm32cube/stm32cubeide_1.10.1/stm32cubeide/plugins/com.st.stm32cube.ide.mcu.externaltools.gnu-tools-for-stm32.10.3-2021.10.win32_1.0.0.202111181127/tools/bin/../lib/gcc/arm-none-eabi/10.3.1/../../../../arm-none-eabi/lib/thumb/v7e-m+fp/hard\libc_nano.a(lib_a-stdio.o)
                0x000000000800ab60                __sread
 .text.__swrite
                0x000000000800ab82       0x38 c:/program files/stmicroelectronics/stm32cube/stm32cubeide_1.10.1/stm32cubeide/plugins/com.st.stm32cube.ide.mcu.externaltools.gnu-tools-for-stm32.10.3-2021.10.win32_1.0.0.202111181127/tools/bin/../lib/gcc/arm-none-eabi/10.3.1/../../../../arm-none-eabi/lib/thumb/v7e-m+fp/hard\libc_nano.a(lib_a-stdio.o)
                0x000000000800ab82                __swrite
 .text.__sseek  0x000000000800abba       0x24 c:/program files/stmicroelectronics/stm32cube/stm32cubeide_1.10.1/stm32cubeide/plugins/com.st.stm32cube.ide.mcu.externaltools.gnu-tools-for-stm32.10.3-2021.10.win32_1.0.0.202111181127/tools/bin/../lib/gcc/arm-none-eabi/10.3.1/../../../../arm-none-eabi/lib/thumb/v7e-m+fp/hard\libc_nano.a(lib_a-stdio.o)
                0x000000000800abba                __sseek
 .text.__sclose
                0x000000000800abde        0x8 c:/program files/stmicroelectronics/stm32cube/stm32cubeide_1.10.1/stm32cubeide/plugins/com.st.stm32cube.ide.mcu.externaltools.gnu-tools-for-stm32.10.3-2021.10.win32_1.0.0.202111181127/tools/bin/../lib/gcc/arm-none-eabi/10.3.1/../../../../arm-none-eabi/lib/thumb/v7e-m+fp/hard\libc_nano.a(lib_a-stdio.o)
                0x000000000800abde                __sclose
 *fill*         0x000000000800abe6        0x2 
 .text._write_r
                0x000000000800abe8       0x24 c:/program files/stmicroelectronics/stm32cube/stm32cubeide_1.10.1/stm32cubeide/plugins/com.st.stm32cube.ide.mcu.externaltools.gnu-tools-for-stm32.10.3-2021.10.win32_1.0.0.202111181127/tools/bin/../lib/gcc/arm-none-eabi/10.3.1/../../../../arm-none-eabi/lib/thumb/v7e-m+fp/hard\libc_nano.a(lib_a-writer.o)
                0x000000000800abe8                _write_r
 .text._close_r
                0x000000000800ac0c       0x20 c:/program files/stmicroelectronics/stm32cube/stm32cubeide_1.10.1/stm32cubeide/plugins/com.st.stm32cube.ide.mcu.externaltools.gnu-tools-for-stm32.10.3-2021.10.win32_1.0.0.202111181127/tools/bin/../lib/gcc/arm-none-eabi/10.3.1/../../../../arm-none-eabi/lib/thumb/v7e-m+fp/hard\libc_nano.a(lib_a-closer.o)
                0x000000000800ac0c                _close_r
 .text._fstat_r
                0x000000000800ac2c       0x24 c:/program files/stmicroelectronics/stm32cube/stm32cubeide_1.10.1/stm32cubeide/plugins/com.st.stm32cube.ide.mcu.externaltools.gnu-tools-for-stm32.10.3-2021.10.win32_1.0.0.202111181127/tools/bin/../lib/gcc/arm-none-eabi/10.3.1/../../../../arm-none-eabi/lib/thumb/v7e-m+fp/hard\libc_nano.a(lib_a-fstatr.o)
                0x000000000800ac2c                _fstat_r
 .text._isatty_r
                0x000000000800ac50       0x20 c:/program files/stmicroelectronics/stm32cube/stm32cubeide_1.10.1/stm32cubeide/plugins/com.st.stm32cube.ide.mcu.externaltools.gnu-tools-for-stm32.10.3-2021.10.win32_1.0.0.202111181127/tools/bin/../lib/gcc/arm-none-eabi/10.3.1/../../../../arm-none-eabi/lib/thumb/v7e-m+fp/hard\libc_nano.a(lib_a-isattyr.o)
                0x000000000800ac50                _isatty_r
 .text._lseek_r
                0x000000000800ac70       0x24 c:/program files/stmicroelectronics/stm32cube/stm32cubeide_1.10.1/stm32cubeide/plugins/com.st.stm32cube.ide.mcu.externaltools.gnu-tools-for-stm32.10.3-2021.10.win32_1.0.0.202111181127/tools/bin/../lib/gcc/arm-none-eabi/10.3.1/../../../../arm-none-eabi/lib/thumb/v7e-m+fp/hard\libc_nano.a(lib_a-lseekr.o)
                0x000000000800ac70                _lseek_r
 .text._read_r  0x000000000800ac94       0x24 c:/program files/stmicroelectronics/stm32cube/stm32cubeide_1.10.1/stm32cubeide/plugins/com.st.stm32cube.ide.mcu.externaltools.gnu-tools-for-stm32.10.3-2021.10.win32_1.0.0.202111181127/tools/bin/../lib/gcc/arm-none-eabi/10.3.1/../../../../arm-none-eabi/lib/thumb/v7e-m+fp/hard\libc_nano.a(lib_a-readr.o)
                0x000000000800ac94                _read_r
 *(.glue_7)
 .glue_7        0x000000000800acb8        0x0 linker stubs
 *(.glue_7t)
 .glue_7t       0x000000000800acb8        0x0 linker stubs
 *(.eh_frame)
 .eh_frame      0x000000000800acb8        0x0 c:/program files/stmicroelectronics/stm32cube/stm32cubeide_1.10.1/stm32cubeide/plugins/com.st.stm32cube.ide.mcu.externaltools.gnu-tools-for-stm32.10.3-2021.10.win32_1.0.0.202111181127/tools/bin/../lib/gcc/arm-none-eabi/10.3.1/thumb/v7e-m+fp/hard/crtbegin.o
 *(.init)
 .init          0x000000000800acb8        0x4 c:/program files/stmicroelectronics/stm32cube/stm32cubeide_1.10.1/stm32cubeide/plugins/com.st.stm32cube.ide.mcu.externaltools.gnu-tools-for-stm32.10.3-2021.10.win32_1.0.0.202111181127/tools/bin/../lib/gcc/arm-none-eabi/10.3.1/thumb/v7e-m+fp/hard/crti.o
                0x000000000800acb8                _init
 .init          0x000000000800acbc        0x8 c:/program files/stmicroelectronics/stm32cube/stm32cubeide_1.10.1/stm32cubeide/plugins/com.st.stm32cube.ide.mcu.externaltools.gnu-tools-for-stm32.10.3-2021.10.win32_1.0.0.202111181127/tools/bin/../lib/gcc/arm-none-eabi/10.3.1/thumb/v7e-m+fp/hard/crtn.o
 *(.fini)
 .fini          0x000000000800acc4        0x4 c:/program files/stmicroelectronics/stm32cube/stm32cubeide_1.10.1/stm32cubeide/plugins/com.st.stm32cube.ide.mcu.externaltools.gnu-tools-for-stm32.10.3-2021.10.win32_1.0.0.202111181127/tools/bin/../lib/gcc/arm-none-eabi/10.3.1/thumb/v7e-m+fp/hard/crti.o
                0x000000000800acc4                _fini
 .fini          0x000000000800acc8        0x8 c:/program files/stmicroelectronics/stm32cube/stm32cubeide_1.10.1/stm32cubeide/plugins/com.st.stm32cube.ide.mcu.externaltools.gnu-tools-for-stm32.10.3-2021.10.win32_1.0.0.202111181127/tools/bin/../lib/gcc/arm-none-eabi/10.3.1/thumb/v7e-m+fp/hard/crtn.o
                0x000000000800acd0                . = ALIGN (0x4)
                0x000000000800acd0                _etext = .

.vfp11_veneer   0x000000000800acd0        0x0
 .vfp11_veneer  0x000000000800acd0        0x0 linker stubs

.v4_bx          0x000000000800acd0        0x0
 .v4_bx         0x000000000800acd0        0x0 linker stubs

.iplt           0x000000000800acd0        0x0
 .iplt          0x000000000800acd0        0x0 c:/program files/stmicroelectronics/stm32cube/stm32cubeide_1.10.1/stm32cubeide/plugins/com.st.stm32cube.ide.mcu.externaltools.gnu-tools-for-stm32.10.3-2021.10.win32_1.0.0.202111181127/tools/bin/../lib/gcc/arm-none-eabi/10.3.1/thumb/v7e-m+fp/hard/crtbegin.o

.rodata         0x000000000800acd0     0x36c4
                0x000000000800acd0                . = ALIGN (0x4)
 *(.rodata)
 .rodata        0x000000000800acd0      0x143 ./Core/Src/main.o
 *fill*         0x000000000800ae13        0x1 
 .rodata        0x000000000800ae14      0x20b ./Core/Src/spi.o
 *(.rodata*)
 *fill*         0x000000000800b01f        0x1 
 .rodata.AHBPrescTable
                0x000000000800b020       0x10 ./Core/Src/system_stm32f4xx.o
                0x000000000800b020                AHBPrescTable
 .rodata.asc2_1206
                0x000000000800b030      0x474 ./Drivers/BSP/Src/lcd.o
                0x000000000800b030                asc2_1206
 .rodata.asc2_1608
                0x000000000800b4a4      0x5f0 ./Drivers/BSP/Src/lcd.o
                0x000000000800b4a4                asc2_1608
 .rodata.asc2_2412
                0x000000000800ba94      0xd5c ./Drivers/BSP/Src/lcd.o
                0x000000000800ba94                asc2_2412
 .rodata.asc2_3216
                0x000000000800c7f0     0x17c0 ./Drivers/BSP/Src/lcd.o
                0x000000000800c7f0                asc2_3216
 .rodata.flagBitshiftOffset.0
                0x000000000800dfb0        0x8 ./Drivers/STM32F4xx_HAL_Driver/Src/stm32f4xx_hal_dma.o
 .rodata._global_impure_ptr
                0x000000000800dfb8        0x4 c:/program files/stmicroelectronics/stm32cube/stm32cubeide_1.10.1/stm32cubeide/plugins/com.st.stm32cube.ide.mcu.externaltools.gnu-tools-for-stm32.10.3-2021.10.win32_1.0.0.202111181127/tools/bin/../lib/gcc/arm-none-eabi/10.3.1/../../../../arm-none-eabi/lib/thumb/v7e-m+fp/hard\libc_nano.a(lib_a-impure.o)
                0x000000000800dfb8                _global_impure_ptr
 .rodata._printf_float.str1.1
                0x000000000800dfbc       0x12 c:/program files/stmicroelectronics/stm32cube/stm32cubeide_1.10.1/stm32cubeide/plugins/com.st.stm32cube.ide.mcu.externaltools.gnu-tools-for-stm32.10.3-2021.10.win32_1.0.0.202111181127/tools/bin/../lib/gcc/arm-none-eabi/10.3.1/../../../../arm-none-eabi/lib/thumb/v7e-m+fp/hard\libc_nano.a(lib_a-nano-vfprintf_float.o)
 .rodata._printf_i.str1.1
                0x000000000800dfce       0x22 c:/program files/stmicroelectronics/stm32cube/stm32cubeide_1.10.1/stm32cubeide/plugins/com.st.stm32cube.ide.mcu.externaltools.gnu-tools-for-stm32.10.3-2021.10.win32_1.0.0.202111181127/tools/bin/../lib/gcc/arm-none-eabi/10.3.1/../../../../arm-none-eabi/lib/thumb/v7e-m+fp/hard\libc_nano.a(lib_a-nano-vfprintf_i.o)
 .rodata._dtoa_r.str1.1
                0x000000000800dff0       0x90 c:/program files/stmicroelectronics/stm32cube/stm32cubeide_1.10.1/stm32cubeide/plugins/com.st.stm32cube.ide.mcu.externaltools.gnu-tools-for-stm32.10.3-2021.10.win32_1.0.0.202111181127/tools/bin/../lib/gcc/arm-none-eabi/10.3.1/../../../../arm-none-eabi/lib/thumb/v7e-m+fp/hard\libc_nano.a(lib_a-dtoa.o)
                                         0x92 (size before relaxing)
 .rodata._Balloc.str1.1
                0x000000000800e080       0x5c c:/program files/stmicroelectronics/stm32cube/stm32cubeide_1.10.1/stm32cubeide/plugins/com.st.stm32cube.ide.mcu.externaltools.gnu-tools-for-stm32.10.3-2021.10.win32_1.0.0.202111181127/tools/bin/../lib/gcc/arm-none-eabi/10.3.1/../../../../arm-none-eabi/lib/thumb/v7e-m+fp/hard\libc_nano.a(lib_a-mprec.o)
                                         0x73 (size before relaxing)
 .rodata.__multadd.str1.1
                0x000000000800e0dc       0x11 c:/program files/stmicroelectronics/stm32cube/stm32cubeide_1.10.1/stm32cubeide/plugins/com.st.stm32cube.ide.mcu.externaltools.gnu-tools-for-stm32.10.3-2021.10.win32_1.0.0.202111181127/tools/bin/../lib/gcc/arm-none-eabi/10.3.1/../../../../arm-none-eabi/lib/thumb/v7e-m+fp/hard\libc_nano.a(lib_a-mprec.o)
 *fill*         0x000000000800e0dc        0x4 
 .rodata.__mprec_bigtens
                0x000000000800e0e0       0x28 c:/program files/stmicroelectronics/stm32cube/stm32cubeide_1.10.1/stm32cubeide/plugins/com.st.stm32cube.ide.mcu.externaltools.gnu-tools-for-stm32.10.3-2021.10.win32_1.0.0.202111181127/tools/bin/../lib/gcc/arm-none-eabi/10.3.1/../../../../arm-none-eabi/lib/thumb/v7e-m+fp/hard\libc_nano.a(lib_a-mprec.o)
                0x000000000800e0e0                __mprec_bigtens
 .rodata.__mprec_tens
                0x000000000800e108       0xc8 c:/program files/stmicroelectronics/stm32cube/stm32cubeide_1.10.1/stm32cubeide/plugins/com.st.stm32cube.ide.mcu.externaltools.gnu-tools-for-stm32.10.3-2021.10.win32_1.0.0.202111181127/tools/bin/../lib/gcc/arm-none-eabi/10.3.1/../../../../arm-none-eabi/lib/thumb/v7e-m+fp/hard\libc_nano.a(lib_a-mprec.o)
                0x000000000800e108                __mprec_tens
 .rodata.p05.0  0x000000000800e1d0        0xc c:/program files/stmicroelectronics/stm32cube/stm32cubeide_1.10.1/stm32cubeide/plugins/com.st.stm32cube.ide.mcu.externaltools.gnu-tools-for-stm32.10.3-2021.10.win32_1.0.0.202111181127/tools/bin/../lib/gcc/arm-none-eabi/10.3.1/../../../../arm-none-eabi/lib/thumb/v7e-m+fp/hard\libc_nano.a(lib_a-mprec.o)
 .rodata._svfprintf_r.str1.1
                0x000000000800e1dc       0x11 c:/program files/stmicroelectronics/stm32cube/stm32cubeide_1.10.1/stm32cubeide/plugins/com.st.stm32cube.ide.mcu.externaltools.gnu-tools-for-stm32.10.3-2021.10.win32_1.0.0.202111181127/tools/bin/../lib/gcc/arm-none-eabi/10.3.1/../../../../arm-none-eabi/lib/thumb/v7e-m+fp/hard\libc_nano.a(lib_a-nano-svfprintf.o)
 .rodata.__assert_func.str1.1
                0x000000000800e1ed       0x3c c:/program files/stmicroelectronics/stm32cube/stm32cubeide_1.10.1/stm32cubeide/plugins/com.st.stm32cube.ide.mcu.externaltools.gnu-tools-for-stm32.10.3-2021.10.win32_1.0.0.202111181127/tools/bin/../lib/gcc/arm-none-eabi/10.3.1/../../../../arm-none-eabi/lib/thumb/v7e-m+fp/hard\libc_nano.a(lib_a-assert.o)
                                         0x3d (size before relaxing)
 .rodata._setlocale_r.str1.1
                0x000000000800e229        0x8 c:/program files/stmicroelectronics/stm32cube/stm32cubeide_1.10.1/stm32cubeide/plugins/com.st.stm32cube.ide.mcu.externaltools.gnu-tools-for-stm32.10.3-2021.10.win32_1.0.0.202111181127/tools/bin/../lib/gcc/arm-none-eabi/10.3.1/../../../../arm-none-eabi/lib/thumb/v7e-m+fp/hard\libc_nano.a(lib_a-locale.o)
                                          0x9 (size before relaxing)
 .rodata.str1.1
                0x000000000800e231        0x2 c:/program files/stmicroelectronics/stm32cube/stm32cubeide_1.10.1/stm32cubeide/plugins/com.st.stm32cube.ide.mcu.externaltools.gnu-tools-for-stm32.10.3-2021.10.win32_1.0.0.202111181127/tools/bin/../lib/gcc/arm-none-eabi/10.3.1/../../../../arm-none-eabi/lib/thumb/v7e-m+fp/hard\libc_nano.a(lib_a-locale.o)
 .rodata._vfprintf_r.str1.1
                0x000000000800e233       0x11 c:/program files/stmicroelectronics/stm32cube/stm32cubeide_1.10.1/stm32cubeide/plugins/com.st.stm32cube.ide.mcu.externaltools.gnu-tools-for-stm32.10.3-2021.10.win32_1.0.0.202111181127/tools/bin/../lib/gcc/arm-none-eabi/10.3.1/../../../../arm-none-eabi/lib/thumb/v7e-m+fp/hard\libc_nano.a(lib_a-nano-vfprintf.o)
 .rodata._ctype_
                0x000000000800e233      0x101 c:/program files/stmicroelectronics/stm32cube/stm32cubeide_1.10.1/stm32cubeide/plugins/com.st.stm32cube.ide.mcu.externaltools.gnu-tools-for-stm32.10.3-2021.10.win32_1.0.0.202111181127/tools/bin/../lib/gcc/arm-none-eabi/10.3.1/../../../../arm-none-eabi/lib/thumb/v7e-m+fp/hard\libc_nano.a(lib_a-ctype_.o)
                0x000000000800e233                _ctype_
 .rodata.__sf_fake_stderr
                0x000000000800e334       0x20 c:/program files/stmicroelectronics/stm32cube/stm32cubeide_1.10.1/stm32cubeide/plugins/com.st.stm32cube.ide.mcu.externaltools.gnu-tools-for-stm32.10.3-2021.10.win32_1.0.0.202111181127/tools/bin/../lib/gcc/arm-none-eabi/10.3.1/../../../../arm-none-eabi/lib/thumb/v7e-m+fp/hard\libc_nano.a(lib_a-findfp.o)
                0x000000000800e334                __sf_fake_stderr
 .rodata.__sf_fake_stdin
                0x000000000800e354       0x20 c:/program files/stmicroelectronics/stm32cube/stm32cubeide_1.10.1/stm32cubeide/plugins/com.st.stm32cube.ide.mcu.externaltools.gnu-tools-for-stm32.10.3-2021.10.win32_1.0.0.202111181127/tools/bin/../lib/gcc/arm-none-eabi/10.3.1/../../../../arm-none-eabi/lib/thumb/v7e-m+fp/hard\libc_nano.a(lib_a-findfp.o)
                0x000000000800e354                __sf_fake_stdin
 .rodata.__sf_fake_stdout
                0x000000000800e374       0x20 c:/program files/stmicroelectronics/stm32cube/stm32cubeide_1.10.1/stm32cubeide/plugins/com.st.stm32cube.ide.mcu.externaltools.gnu-tools-for-stm32.10.3-2021.10.win32_1.0.0.202111181127/tools/bin/../lib/gcc/arm-none-eabi/10.3.1/../../../../arm-none-eabi/lib/thumb/v7e-m+fp/hard\libc_nano.a(lib_a-findfp.o)
                0x000000000800e374                __sf_fake_stdout
                0x000000000800e394                . = ALIGN (0x4)

.ARM.extab      0x000000000800e394        0x0
                0x000000000800e394                . = ALIGN (0x4)
 *(.ARM.extab* .gnu.linkonce.armextab.*)
                0x000000000800e394                . = ALIGN (0x4)

.ARM            0x000000000800e394        0x8
                0x000000000800e394                . = ALIGN (0x4)
                0x000000000800e394                __exidx_start = .
 *(.ARM.exidx*)
 .ARM.exidx     0x000000000800e394        0x8 c:/program files/stmicroelectronics/stm32cube/stm32cubeide_1.10.1/stm32cubeide/plugins/com.st.stm32cube.ide.mcu.externaltools.gnu-tools-for-stm32.10.3-2021.10.win32_1.0.0.202111181127/tools/bin/../lib/gcc/arm-none-eabi/10.3.1/thumb/v7e-m+fp/hard\libgcc.a(_udivmoddi4.o)
                0x000000000800e39c                __exidx_end = .
                0x000000000800e39c                . = ALIGN (0x4)

.rel.dyn        0x000000000800e39c        0x0
 .rel.iplt      0x000000000800e39c        0x0 c:/program files/stmicroelectronics/stm32cube/stm32cubeide_1.10.1/stm32cubeide/plugins/com.st.stm32cube.ide.mcu.externaltools.gnu-tools-for-stm32.10.3-2021.10.win32_1.0.0.202111181127/tools/bin/../lib/gcc/arm-none-eabi/10.3.1/thumb/v7e-m+fp/hard/crtbegin.o

.preinit_array  0x000000000800e39c        0x0
                0x000000000800e39c                . = ALIGN (0x4)
                0x000000000800e39c                PROVIDE (__preinit_array_start = .)
 *(.preinit_array*)
                0x000000000800e39c                PROVIDE (__preinit_array_end = .)
                0x000000000800e39c                . = ALIGN (0x4)

.init_array     0x000000000800e39c        0x4
                0x000000000800e39c                . = ALIGN (0x4)
                0x000000000800e39c                PROVIDE (__init_array_start = .)
 *(SORT_BY_NAME(.init_array.*))
 *(.init_array*)
 .init_array    0x000000000800e39c        0x4 c:/program files/stmicroelectronics/stm32cube/stm32cubeide_1.10.1/stm32cubeide/plugins/com.st.stm32cube.ide.mcu.externaltools.gnu-tools-for-stm32.10.3-2021.10.win32_1.0.0.202111181127/tools/bin/../lib/gcc/arm-none-eabi/10.3.1/thumb/v7e-m+fp/hard/crtbegin.o
                0x000000000800e3a0                PROVIDE (__init_array_end = .)
                0x000000000800e3a0                . = ALIGN (0x4)

.fini_array     0x000000000800e3a0        0x4
                0x000000000800e3a0                . = ALIGN (0x4)
                [!provide]                        PROVIDE (__fini_array_start = .)
 *(SORT_BY_NAME(.fini_array.*))
 *(.fini_array*)
 .fini_array    0x000000000800e3a0        0x4 c:/program files/stmicroelectronics/stm32cube/stm32cubeide_1.10.1/stm32cubeide/plugins/com.st.stm32cube.ide.mcu.externaltools.gnu-tools-for-stm32.10.3-2021.10.win32_1.0.0.202111181127/tools/bin/../lib/gcc/arm-none-eabi/10.3.1/thumb/v7e-m+fp/hard/crtbegin.o
                [!provide]                        PROVIDE (__fini_array_end = .)
                0x000000000800e3a4                . = ALIGN (0x4)
                0x000000000800e3a4                _sidata = LOADADDR (.data)

.data           0x0000000020000000      0x1e0 load address 0x000000000800e3a4
                0x0000000020000000                . = ALIGN (0x4)
                0x0000000020000000                _sdata = .
 *(.data)
 *(.data*)
 .data.SystemCoreClock
                0x0000000020000000        0x4 ./Core/Src/system_stm32f4xx.o
                0x0000000020000000                SystemCoreClock
 .data.g_back_color
                0x0000000020000004        0x4 ./Drivers/BSP/Src/lcd.o
                0x0000000020000004                g_back_color
 .data.uwTickPrio
                0x0000000020000008        0x4 ./Drivers/STM32F4xx_HAL_Driver/Src/stm32f4xx_hal.o
                0x0000000020000008                uwTickPrio
 .data.uwTickFreq
                0x000000002000000c        0x1 ./Drivers/STM32F4xx_HAL_Driver/Src/stm32f4xx_hal.o
                0x000000002000000c                uwTickFreq
 *fill*         0x000000002000000d        0x3 
 .data._impure_ptr
                0x0000000020000010        0x4 c:/program files/stmicroelectronics/stm32cube/stm32cubeide_1.10.1/stm32cubeide/plugins/com.st.stm32cube.ide.mcu.externaltools.gnu-tools-for-stm32.10.3-2021.10.win32_1.0.0.202111181127/tools/bin/../lib/gcc/arm-none-eabi/10.3.1/../../../../arm-none-eabi/lib/thumb/v7e-m+fp/hard\libc_nano.a(lib_a-impure.o)
                0x0000000020000010                _impure_ptr
 .data.impure_data
                0x0000000020000014       0x60 c:/program files/stmicroelectronics/stm32cube/stm32cubeide_1.10.1/stm32cubeide/plugins/com.st.stm32cube.ide.mcu.externaltools.gnu-tools-for-stm32.10.3-2021.10.win32_1.0.0.202111181127/tools/bin/../lib/gcc/arm-none-eabi/10.3.1/../../../../arm-none-eabi/lib/thumb/v7e-m+fp/hard\libc_nano.a(lib_a-impure.o)
 .data.__global_locale
                0x0000000020000074      0x16c c:/program files/stmicroelectronics/stm32cube/stm32cubeide_1.10.1/stm32cubeide/plugins/com.st.stm32cube.ide.mcu.externaltools.gnu-tools-for-stm32.10.3-2021.10.win32_1.0.0.202111181127/tools/bin/../lib/gcc/arm-none-eabi/10.3.1/../../../../arm-none-eabi/lib/thumb/v7e-m+fp/hard\libc_nano.a(lib_a-locale.o)
                0x0000000020000074                __global_locale
 *(.RamFunc)
 *(.RamFunc*)
                0x00000000200001e0                . = ALIGN (0x4)
                0x00000000200001e0                _edata = .
                0x000000000800e584                _siccmram = LOADADDR (.ccmram)

.igot.plt       0x00000000200001e0        0x0 load address 0x000000000800e584
 .igot.plt      0x00000000200001e0        0x0 c:/program files/stmicroelectronics/stm32cube/stm32cubeide_1.10.1/stm32cubeide/plugins/com.st.stm32cube.ide.mcu.externaltools.gnu-tools-for-stm32.10.3-2021.10.win32_1.0.0.202111181127/tools/bin/../lib/gcc/arm-none-eabi/10.3.1/thumb/v7e-m+fp/hard/crtbegin.o

.ccmram         0x0000000010000000        0x0 load address 0x000000000800e584
                0x0000000010000000                . = ALIGN (0x4)
                0x0000000010000000                _sccmram = .
 *(.ccmram)
 *(.ccmram*)
                0x0000000010000000                . = ALIGN (0x4)
                0x0000000010000000                _eccmram = .
                0x0000000010000000                . = ALIGN (0x4)

.bss            0x00000000200001e0      0x400
                0x00000000200001e0                _sbss = .
                0x00000000200001e0                __bss_start__ = _sbss
 *(.bss)
 .bss           0x00000000200001e0       0x1c c:/program files/stmicroelectronics/stm32cube/stm32cubeide_1.10.1/stm32cubeide/plugins/com.st.stm32cube.ide.mcu.externaltools.gnu-tools-for-stm32.10.3-2021.10.win32_1.0.0.202111181127/tools/bin/../lib/gcc/arm-none-eabi/10.3.1/thumb/v7e-m+fp/hard/crtbegin.o
 *(.bss*)
 .bss.hsram4    0x00000000200001fc       0x50 ./Core/Src/fsmc.o
                0x00000000200001fc                hsram4
 .bss.FSMC_Initialized
                0x000000002000024c        0x4 ./Core/Src/fsmc.o
 .bss.bufPageRead
                0x0000000020000250      0x100 ./Core/Src/spi.o
                0x0000000020000250                bufPageRead
 .bss.bufPageWrite
                0x0000000020000350      0x100 ./Core/Src/spi.o
                0x0000000020000350                bufPageWrite
 .bss.hspi1     0x0000000020000450       0x58 ./Core/Src/spi.o
                0x0000000020000450                hspi1
 .bss.hdma_spi1_tx
                0x00000000200004a8       0x60 ./Core/Src/spi.o
                0x00000000200004a8                hdma_spi1_tx
 .bss.hdma_spi1_rx
                0x0000000020000508       0x60 ./Core/Src/spi.o
                0x0000000020000508                hdma_spi1_rx
 .bss.__sbrk_heap_end
                0x0000000020000568        0x4 ./Core/Src/sysmem.o
 .bss.g_sram_handle
                0x000000002000056c       0x50 ./Drivers/BSP/Src/lcd.o
                0x000000002000056c                g_sram_handle
 .bss.lcddev    0x00000000200005bc        0xe ./Drivers/BSP/Src/lcd.o
                0x00000000200005bc                lcddev
 *fill*         0x00000000200005ca        0x2 
 .bss.uwTick    0x00000000200005cc        0x4 ./Drivers/STM32F4xx_HAL_Driver/Src/stm32f4xx_hal.o
                0x00000000200005cc                uwTick
 .bss.__malloc_free_list
                0x00000000200005d0        0x4 c:/program files/stmicroelectronics/stm32cube/stm32cubeide_1.10.1/stm32cubeide/plugins/com.st.stm32cube.ide.mcu.externaltools.gnu-tools-for-stm32.10.3-2021.10.win32_1.0.0.202111181127/tools/bin/../lib/gcc/arm-none-eabi/10.3.1/../../../../arm-none-eabi/lib/thumb/v7e-m+fp/hard\libc_nano.a(lib_a-nano-mallocr.o)
                0x00000000200005d0                __malloc_free_list
 .bss.__malloc_sbrk_start
                0x00000000200005d4        0x4 c:/program files/stmicroelectronics/stm32cube/stm32cubeide_1.10.1/stm32cubeide/plugins/com.st.stm32cube.ide.mcu.externaltools.gnu-tools-for-stm32.10.3-2021.10.win32_1.0.0.202111181127/tools/bin/../lib/gcc/arm-none-eabi/10.3.1/../../../../arm-none-eabi/lib/thumb/v7e-m+fp/hard\libc_nano.a(lib_a-nano-mallocr.o)
                0x00000000200005d4                __malloc_sbrk_start