17:13:11 **** Build of configuration Debug for project Demo8_1TFTLCD_V3 ****
make -j12 all 
arm-none-eabi-gcc "../Drivers/BSP/KEY_LED/keyled.c" -mcpu=cortex-m4 -std=gnu11 -g3 -DDEBUG -DUSE_HAL_DRIVER -DSTM32F407xx -c -I../Core/Inc -I../Drivers/STM32F4xx_HAL_Driver/Inc -I../Drivers/STM32F4xx_HAL_Driver/Inc/Legacy -I../Drivers/CMSIS/Device/ST/STM32F4xx/Include -I../Drivers/CMSIS/Include -I../Drivers/BSP/KEY_LED -I../Drivers/BSP/LCD -O0 -ffunction-sections -fdata-sections -Wall -fstack-usage -MMD -MP -MF"Drivers/BSP/KEY_LED/keyled.d" -MT"Drivers/BSP/KEY_LED/keyled.o" --specs=nano.specs -mfpu=fpv4-sp-d16 -mfloat-abi=hard -mthumb -o "Drivers/BSP/KEY_LED/keyled.o"
arm-none-eabi-gcc -o "Demo8_1TFTLCD_V3.elf" @"objects.list"   -mcpu=cortex-m4 -T"E:\__CubeMX__\Basic_Part\Demo8_1TFTLCD_V3\Demo8_1TFTLCD_V3\STM32F407ZGTX_FLASH.ld" --specs=nosys.specs -Wl,-Map="Demo8_1TFTLCD_V3.map" -Wl,--gc-sections -static --specs=nano.specs -mfpu=fpv4-sp-d16 -mfloat-abi=hard -mthumb -Wl,--start-group -lc -lm -Wl,--end-group
Finished building target: Demo8_1TFTLCD_V3.elf
 
arm-none-eabi-size   Demo8_1TFTLCD_V3.elf 
arm-none-eabi-objdump -h -S  Demo8_1TFTLCD_V3.elf  > "Demo8_1TFTLCD_V3.list"
   text	   data	    bss	    dec	    hex	filename
  33436	     24	   1752	  35212	   898c	Demo8_1TFTLCD_V3.elf
Finished building: default.size.stdout
 
Finished building: Demo8_1TFTLCD_V3.list
 

17:13:13 Build Finished. 0 errors, 0 warnings. (took 2s.119ms)

