20:43:54 **** Incremental Build of configuration Debug for project Demo8_1TFTLCD_V3 ****
make -j12 all 
arm-none-eabi-gcc "../Core/Src/freertos.c" -mcpu=cortex-m4 -std=gnu11 -g3 -DDEBUG -DUSE_HAL_DRIVER -DSTM32F407xx -c -I../Core/Inc -I../Drivers/STM32F4xx_HAL_Driver/Inc -I../Drivers/STM32F4xx_HAL_Driver/Inc/Legacy -I../Drivers/CMSIS/Device/ST/STM32F4xx/Include -I../Drivers/CMSIS/Include -I../Drivers/BSP/KEY_LED -I../Drivers/BSP/LCD -I../Middlewares/Third_Party/FreeRTOS/Source/include -I../Middlewares/Third_Party/FreeRTOS/Source/CMSIS_RTOS_V2 -I../Middlewares/Third_Party/FreeRTOS/Source/portable/GCC/ARM_CM4F -O0 -ffunction-sections -fdata-sections -Wall -fstack-usage -MMD -MP -MF"Core/Src/freertos.d" -MT"Core/Src/freertos.o" --specs=nano.specs -mfpu=fpv4-sp-d16 -mfloat-abi=hard -mthumb -o "Core/Src/freertos.o"
arm-none-eabi-gcc "../Core/Src/main.c" -mcpu=cortex-m4 -std=gnu11 -g3 -DDEBUG -DUSE_HAL_DRIVER -DSTM32F407xx -c -I../Core/Inc -I../Drivers/STM32F4xx_HAL_Driver/Inc -I../Drivers/STM32F4xx_HAL_Driver/Inc/Legacy -I../Drivers/CMSIS/Device/ST/STM32F4xx/Include -I../Drivers/CMSIS/Include -I../Drivers/BSP/KEY_LED -I../Drivers/BSP/LCD -I../Middlewares/Third_Party/FreeRTOS/Source/include -I../Middlewares/Third_Party/FreeRTOS/Source/CMSIS_RTOS_V2 -I../Middlewares/Third_Party/FreeRTOS/Source/portable/GCC/ARM_CM4F -O0 -ffunction-sections -fdata-sections -Wall -fstack-usage -MMD -MP -MF"Core/Src/main.d" -MT"Core/Src/main.o" --specs=nano.specs -mfpu=fpv4-sp-d16 -mfloat-abi=hard -mthumb -o "Core/Src/main.o"
arm-none-eabi-gcc "../Core/Src/usart.c" -mcpu=cortex-m4 -std=gnu11 -g3 -DDEBUG -DUSE_HAL_DRIVER -DSTM32F407xx -c -I../Core/Inc -I../Drivers/STM32F4xx_HAL_Driver/Inc -I../Drivers/STM32F4xx_HAL_Driver/Inc/Legacy -I../Drivers/CMSIS/Device/ST/STM32F4xx/Include -I../Drivers/CMSIS/Include -I../Drivers/BSP/KEY_LED -I../Drivers/BSP/LCD -I../Middlewares/Third_Party/FreeRTOS/Source/include -I../Middlewares/Third_Party/FreeRTOS/Source/CMSIS_RTOS_V2 -I../Middlewares/Third_Party/FreeRTOS/Source/portable/GCC/ARM_CM4F -O0 -ffunction-sections -fdata-sections -Wall -fstack-usage -MMD -MP -MF"Core/Src/usart.d" -MT"Core/Src/usart.o" --specs=nano.specs -mfpu=fpv4-sp-d16 -mfloat-abi=hard -mthumb -o "Core/Src/usart.o"
../Core/Src/usart.c: In function 'process_string':
../Core/Src/usart.c:178:16: warning: pointer targets in passing argument 1 of 'strstr' differ in signedness [-Wpointer-sign]
  178 |     if (strstr(process_buffer, "NSGO")) {
      |                ^~~~~~~~~~~~~~
      |                |
      |                uint8_t * {aka unsigned char *}
In file included from ../Core/Src/usart.c:24:
c:\program files\stmicroelectronics\stm32cube\stm32cubeide_1.10.1\stm32cubeide\plugins\com.st.stm32cube.ide.mcu.externaltools.gnu-tools-for-stm32.10.3-2021.10.win32_1.0.0.202111181127\tools\bin\../lib/gcc/arm-none-eabi/10.3.1/../../../../arm-none-eabi/include/string.h:48:16: note: expected 'const char *' but argument is of type 'uint8_t *' {aka 'unsigned char *'}
   48 | char  *strstr (const char *, const char *);
      |                ^~~~~~~~~~~~
../Core/Src/usart.c:182:23: warning: pointer targets in passing argument 1 of 'strstr' differ in signedness [-Wpointer-sign]
  182 |     } else if (strstr(process_buffer, "WEGO")) {
      |                       ^~~~~~~~~~~~~~
      |                       |
      |                       uint8_t * {aka unsigned char *}
In file included from ../Core/Src/usart.c:24:
c:\program files\stmicroelectronics\stm32cube\stm32cubeide_1.10.1\stm32cubeide\plugins\com.st.stm32cube.ide.mcu.externaltools.gnu-tools-for-stm32.10.3-2021.10.win32_1.0.0.202111181127\tools\bin\../lib/gcc/arm-none-eabi/10.3.1/../../../../arm-none-eabi/include/string.h:48:16: note: expected 'const char *' but argument is of type 'uint8_t *' {aka 'unsigned char *'}
   48 | char  *strstr (const char *, const char *);
      |                ^~~~~~~~~~~~
../Core/Src/usart.c:186:23: warning: pointer targets in passing argument 1 of 'strstr' differ in signedness [-Wpointer-sign]
  186 |     } else if (strstr(process_buffer, "resume")) {
      |                       ^~~~~~~~~~~~~~
      |                       |
      |                       uint8_t * {aka unsigned char *}
In file included from ../Core/Src/usart.c:24:
c:\program files\stmicroelectronics\stm32cube\stm32cubeide_1.10.1\stm32cubeide\plugins\com.st.stm32cube.ide.mcu.externaltools.gnu-tools-for-stm32.10.3-2021.10.win32_1.0.0.202111181127\tools\bin\../lib/gcc/arm-none-eabi/10.3.1/../../../../arm-none-eabi/include/string.h:48:16: note: expected 'const char *' but argument is of type 'uint8_t *' {aka 'unsigned char *'}
   48 | char  *strstr (const char *, const char *);
      |                ^~~~~~~~~~~~
arm-none-eabi-gcc -o "Demo8_1TFTLCD_V3.elf" @"objects.list"   -mcpu=cortex-m4 -T"C:\Users\71492\CLionProjects\TrafficLightWithFreeRTOS\STM32F407ZGTX_FLASH.ld" --specs=nosys.specs -Wl,-Map="Demo8_1TFTLCD_V3.map" -Wl,--gc-sections -static --specs=nano.specs -mfpu=fpv4-sp-d16 -mfloat-abi=hard -mthumb -Wl,--start-group -lc -lm -Wl,--end-group
Finished building target: Demo8_1TFTLCD_V3.elf
 
arm-none-eabi-size   Demo8_1TFTLCD_V3.elf 
arm-none-eabi-objdump -h -S  Demo8_1TFTLCD_V3.elf  > "Demo8_1TFTLCD_V3.list"
   text	   data	    bss	    dec	    hex	filename
  59404	     44	  21084	  80532	  13a94	Demo8_1TFTLCD_V3.elf
Finished building: default.size.stdout
 
Finished building: Demo8_1TFTLCD_V3.list
 

20:43:55 Build Finished. 0 errors, 3 warnings. (took 1s.337ms)

