23:38:40 **** Incremental Build of configuration Debug for project Demo15_1SoftTrig ****
make -j12 all 
arm-none-eabi-gcc "../Core/Src/main.c" -mcpu=cortex-m4 -std=gnu11 -g3 -DDEBUG -DUSE_HAL_DRIVER -DSTM32F407xx -c -I../Core/Inc -I../Drivers/STM32F4xx_HAL_Driver/Inc -I../Drivers/STM32F4xx_HAL_Driver/Inc/Legacy -I../Drivers/CMSIS/Device/ST/STM32F4xx/Include -I../Drivers/CMSIS/Include -I../Drivers/BSP/LCD -I../Drivers/BSP/KEY_LED -O0 -ffunction-sections -fdata-sections -Wall -fstack-usage -MMD -MP -MF"Core/Src/main.d" -MT"Core/Src/main.o" --specs=nano.specs -mfpu=fpv4-sp-d16 -mfloat-abi=hard -mthumb -o "Core/Src/main.o"
arm-none-eabi-gcc -o "Demo15_1SoftTrig.elf" @"objects.list"   -mcpu=cortex-m4 -T"E:\__CubeMX__\Basic_Part\Demo15_1SoftTrig\Demo15_1SoftTrig\STM32F407ZETX_FLASH.ld" --specs=nosys.specs -Wl,-Map="Demo15_1SoftTrig.map" -Wl,--gc-sections -static --specs=nano.specs -mfpu=fpv4-sp-d16 -mfloat-abi=hard -mthumb -Wl,--start-group -lc -lm -Wl,--end-group
Finished building target: Demo15_1SoftTrig.elf
 
arm-none-eabi-size   Demo15_1SoftTrig.elf 
arm-none-eabi-objdump -h -S  Demo15_1SoftTrig.elf  > "Demo15_1SoftTrig.list"
   text	   data	    bss	    dec	    hex	filename
  39844	     24	   1912	  41780	   a334	Demo15_1SoftTrig.elf
Finished building: default.size.stdout
 
Finished building: Demo15_1SoftTrig.list
 

23:38:41 Build Finished. 0 errors, 0 warnings. (took 1s.599ms)

