23:42:15 **** Build of configuration Debug for project Demo15_3SawtoothDMA ****
make -j12 all 
arm-none-eabi-gcc "../Drivers/BSP/KEY_LED/keyled.c" -mcpu=cortex-m4 -std=gnu11 -g3 -DDEBUG -DUSE_HAL_DRIVER -DSTM32F407xx -c -I../Core/Inc -I../Drivers/STM32F4xx_HAL_Driver/Inc -I../Drivers/STM32F4xx_HAL_Driver/Inc/Legacy -I../Drivers/CMSIS/Device/ST/STM32F4xx/Include -I../Drivers/CMSIS/Include -I../Drivers/BSP/LCD -I../Drivers/BSP/KEY_LED -O0 -ffunction-sections -fdata-sections -Wall -fstack-usage -MMD -MP -MF"Drivers/BSP/KEY_LED/keyled.d" -MT"Drivers/BSP/KEY_LED/keyled.o" --specs=nano.specs -mfpu=fpv4-sp-d16 -mfloat-abi=hard -mthumb -o "Drivers/BSP/KEY_LED/keyled.o"
arm-none-eabi-gcc "../Core/Src/main.c" -mcpu=cortex-m4 -std=gnu11 -g3 -DDEBUG -DUSE_HAL_DRIVER -DSTM32F407xx -c -I../Core/Inc -I../Drivers/STM32F4xx_HAL_Driver/Inc -I../Drivers/STM32F4xx_HAL_Driver/Inc/Legacy -I../Drivers/CMSIS/Device/ST/STM32F4xx/Include -I../Drivers/CMSIS/Include -I../Drivers/BSP/LCD -I../Drivers/BSP/KEY_LED -O0 -ffunction-sections -fdata-sections -Wall -fstack-usage -MMD -MP -MF"Core/Src/main.d" -MT"Core/Src/main.o" --specs=nano.specs -mfpu=fpv4-sp-d16 -mfloat-abi=hard -mthumb -o "Core/Src/main.o"
arm-none-eabi-gcc -o "Demo15_3SawtoothDMA.elf" @"objects.list"   -mcpu=cortex-m4 -T"E:\__CubeMX__\Basic_Part\Demo15_3SawtoothDMA\Demo15_3SawtoothDMA\STM32F407ZETX_FLASH.ld" --specs=nosys.specs -Wl,-Map="Demo15_3SawtoothDMA.map" -Wl,--gc-sections -static --specs=nano.specs -mfpu=fpv4-sp-d16 -mfloat-abi=hard -mthumb -Wl,--start-group -lc -lm -Wl,--end-group
Finished building target: Demo15_3SawtoothDMA.elf
 
arm-none-eabi-size   Demo15_3SawtoothDMA.elf 
arm-none-eabi-objdump -h -S  Demo15_3SawtoothDMA.elf  > "Demo15_3SawtoothDMA.list"
   text	   data	    bss	    dec	    hex	filename
  38072	     24	   1936	  40032	   9c60	Demo15_3SawtoothDMA.elf
Finished building: default.size.stdout
 
Finished building: Demo15_3SawtoothDMA.list
 

23:42:17 Build Finished. 0 errors, 0 warnings. (took 2s.412ms)

